Archive member included to satisfy reference by file (symbol)

/usr/local/gcc-arm-none-eabi-9-2019-q4-major/bin/../lib/gcc/arm-none-eabi/9.2.1/../../../../arm-none-eabi/lib/thumb/v7e-m+fp/hard/libc_nano.a(lib_a-ctype_.o)
                              build/main.o (_ctype_)
/usr/local/gcc-arm-none-eabi-9-2019-q4-major/bin/../lib/gcc/arm-none-eabi/9.2.1/../../../../arm-none-eabi/lib/thumb/v7e-m+fp/hard/libc_nano.a(lib_a-exit.o)
                              /usr/local/gcc-arm-none-eabi-9-2019-q4-major/bin/../lib/gcc/arm-none-eabi/9.2.1/../../../../arm-none-eabi/lib/thumb/v7e-m+fp/hard/crt0.o (exit)
/usr/local/gcc-arm-none-eabi-9-2019-q4-major/bin/../lib/gcc/arm-none-eabi/9.2.1/../../../../arm-none-eabi/lib/thumb/v7e-m+fp/hard/libc_nano.a(lib_a-impure.o)
                              /usr/local/gcc-arm-none-eabi-9-2019-q4-major/bin/../lib/gcc/arm-none-eabi/9.2.1/../../../../arm-none-eabi/lib/thumb/v7e-m+fp/hard/libc_nano.a(lib_a-exit.o) (_global_impure_ptr)
/usr/local/gcc-arm-none-eabi-9-2019-q4-major/bin/../lib/gcc/arm-none-eabi/9.2.1/../../../../arm-none-eabi/lib/thumb/v7e-m+fp/hard/libc_nano.a(lib_a-init.o)
                              /usr/local/gcc-arm-none-eabi-9-2019-q4-major/bin/../lib/gcc/arm-none-eabi/9.2.1/../../../../arm-none-eabi/lib/thumb/v7e-m+fp/hard/crt0.o (__libc_init_array)
/usr/local/gcc-arm-none-eabi-9-2019-q4-major/bin/../lib/gcc/arm-none-eabi/9.2.1/../../../../arm-none-eabi/lib/thumb/v7e-m+fp/hard/libc_nano.a(lib_a-memcpy-stub.o)
                              build/main.o (memcpy)
/usr/local/gcc-arm-none-eabi-9-2019-q4-major/bin/../lib/gcc/arm-none-eabi/9.2.1/../../../../arm-none-eabi/lib/thumb/v7e-m+fp/hard/libc_nano.a(lib_a-memset.o)
                              /usr/local/gcc-arm-none-eabi-9-2019-q4-major/bin/../lib/gcc/arm-none-eabi/9.2.1/../../../../arm-none-eabi/lib/thumb/v7e-m+fp/hard/crt0.o (memset)
/usr/local/gcc-arm-none-eabi-9-2019-q4-major/bin/../lib/gcc/arm-none-eabi/9.2.1/../../../../arm-none-eabi/lib/thumb/v7e-m+fp/hard/libc_nano.a(lib_a-sprintf.o)
                              build/main.o (sprintf)
/usr/local/gcc-arm-none-eabi-9-2019-q4-major/bin/../lib/gcc/arm-none-eabi/9.2.1/../../../../arm-none-eabi/lib/thumb/v7e-m+fp/hard/libc_nano.a(lib_a-sscanf.o)
                              build/main.o (sscanf)
/usr/local/gcc-arm-none-eabi-9-2019-q4-major/bin/../lib/gcc/arm-none-eabi/9.2.1/../../../../arm-none-eabi/lib/thumb/v7e-m+fp/hard/libc_nano.a(lib_a-stdio.o)
                              /usr/local/gcc-arm-none-eabi-9-2019-q4-major/bin/../lib/gcc/arm-none-eabi/9.2.1/../../../../arm-none-eabi/lib/thumb/v7e-m+fp/hard/libc_nano.a(lib_a-sscanf.o) (__seofread)
/usr/local/gcc-arm-none-eabi-9-2019-q4-major/bin/../lib/gcc/arm-none-eabi/9.2.1/../../../../arm-none-eabi/lib/thumb/v7e-m+fp/hard/libc_nano.a(lib_a-strcmp.o)
                              build/main.o (strcmp)
/usr/local/gcc-arm-none-eabi-9-2019-q4-major/bin/../lib/gcc/arm-none-eabi/9.2.1/../../../../arm-none-eabi/lib/thumb/v7e-m+fp/hard/libc_nano.a(lib_a-strlen.o)
                              build/main.o (strlen)
/usr/local/gcc-arm-none-eabi-9-2019-q4-major/bin/../lib/gcc/arm-none-eabi/9.2.1/../../../../arm-none-eabi/lib/thumb/v7e-m+fp/hard/libc_nano.a(lib_a-strncmp.o)
                              build/main.o (strncmp)
/usr/local/gcc-arm-none-eabi-9-2019-q4-major/bin/../lib/gcc/arm-none-eabi/9.2.1/../../../../arm-none-eabi/lib/thumb/v7e-m+fp/hard/libc_nano.a(lib_a-writer.o)
                              /usr/local/gcc-arm-none-eabi-9-2019-q4-major/bin/../lib/gcc/arm-none-eabi/9.2.1/../../../../arm-none-eabi/lib/thumb/v7e-m+fp/hard/libc_nano.a(lib_a-stdio.o) (_write_r)
/usr/local/gcc-arm-none-eabi-9-2019-q4-major/bin/../lib/gcc/arm-none-eabi/9.2.1/../../../../arm-none-eabi/lib/thumb/v7e-m+fp/hard/libc_nano.a(lib_a-closer.o)
                              /usr/local/gcc-arm-none-eabi-9-2019-q4-major/bin/../lib/gcc/arm-none-eabi/9.2.1/../../../../arm-none-eabi/lib/thumb/v7e-m+fp/hard/libc_nano.a(lib_a-stdio.o) (_close_r)
/usr/local/gcc-arm-none-eabi-9-2019-q4-major/bin/../lib/gcc/arm-none-eabi/9.2.1/../../../../arm-none-eabi/lib/thumb/v7e-m+fp/hard/libc_nano.a(lib_a-lseekr.o)
                              /usr/local/gcc-arm-none-eabi-9-2019-q4-major/bin/../lib/gcc/arm-none-eabi/9.2.1/../../../../arm-none-eabi/lib/thumb/v7e-m+fp/hard/libc_nano.a(lib_a-stdio.o) (_lseek_r)
/usr/local/gcc-arm-none-eabi-9-2019-q4-major/bin/../lib/gcc/arm-none-eabi/9.2.1/../../../../arm-none-eabi/lib/thumb/v7e-m+fp/hard/libc_nano.a(lib_a-nano-svfprintf.o)
                              /usr/local/gcc-arm-none-eabi-9-2019-q4-major/bin/../lib/gcc/arm-none-eabi/9.2.1/../../../../arm-none-eabi/lib/thumb/v7e-m+fp/hard/libc_nano.a(lib_a-sprintf.o) (_svfprintf_r)
/usr/local/gcc-arm-none-eabi-9-2019-q4-major/bin/../lib/gcc/arm-none-eabi/9.2.1/../../../../arm-none-eabi/lib/thumb/v7e-m+fp/hard/libc_nano.a(lib_a-nano-svfscanf.o)
[...]
Memory Configuration

Name             Origin             Length             Attributes
RAM              0x0000000020000000 0x0000000000020000 xrw
CCMRAM           0x0000000010000000 0x0000000000010000 xrw
FLASH            0x0000000008000000 0x0000000000100000 xr
*default*        0x0000000000000000 0xffffffffffffffff

Linker script and memory map

LOAD /usr/local/gcc-arm-none-eabi-9-2019-q4-major/bin/../lib/gcc/arm-none-eabi/9.2.1/thumb/v7e-m+fp/hard/crti.o
LOAD /usr/local/gcc-arm-none-eabi-9-2019-q4-major/bin/../lib/gcc/arm-none-eabi/9.2.1/thumb/v7e-m+fp/hard/crtbegin.o
LOAD /usr/local/gcc-arm-none-eabi-9-2019-q4-major/bin/../lib/gcc/arm-none-eabi/9.2.1/../../../../arm-none-eabi/lib/thumb/v7e-m+fp/hard/crt0.o
LOAD build/main.o
LOAD build/stm32f4xx_it.o
LOAD build/stm32f4xx_hal_msp.o
LOAD build/stm32f4xx_hal_adc.o
LOAD build/stm32f4xx_hal_adc_ex.o
LOAD build/stm32f4xx_ll_adc.o
LOAD build/stm32f4xx_hal_rcc.o
LOAD build/stm32f4xx_hal_rcc_ex.o
LOAD build/stm32f4xx_hal_flash.o
LOAD build/stm32f4xx_hal_flash_ex.o
LOAD build/stm32f4xx_hal_flash_ramfunc.o
LOAD build/stm32f4xx_hal_gpio.o
LOAD build/stm32f4xx_hal_dma_ex.o
LOAD build/stm32f4xx_hal_dma.o
LOAD build/stm32f4xx_hal_pwr.o
LOAD build/stm32f4xx_hal_pwr_ex.o
LOAD build/stm32f4xx_hal_cortex.o
LOAD build/stm32f4xx_hal.o
LOAD build/stm32f4xx_hal_exti.o
LOAD build/stm32f4xx_hal_i2c.o
LOAD build/stm32f4xx_hal_i2c_ex.o
LOAD build/stm32f4xx_hal_iwdg.o
LOAD build/stm32f4xx_hal_rng.o
LOAD build/stm32f4xx_hal_rtc.o
LOAD build/stm32f4xx_hal_rtc_ex.o
LOAD build/stm32f4xx_hal_tim.o
LOAD build/stm32f4xx_hal_tim_ex.o
LOAD build/stm32f4xx_hal_uart.o
LOAD build/system_stm32f4xx.o
LOAD build/startup_stm32f415xx.o
LOAD /usr/local/gcc-arm-none-eabi-9-2019-q4-major/bin/../lib/gcc/arm-none-eabi/9.2.1/../../../../arm-none-eabi/lib/thumb/v7e-m+fp/hard/libc_nano.a
LOAD /usr/local/gcc-arm-none-eabi-9-2019-q4-major/bin/../lib/gcc/arm-none-eabi/9.2.1/../../../../arm-none-eabi/lib/thumb/v7e-m+fp/hard/libm.a
LOAD /usr/local/gcc-arm-none-eabi-9-2019-q4-major/bin/../lib/gcc/arm-none-eabi/9.2.1/../../../../arm-none-eabi/lib/thumb/v7e-m+fp/hard/libnosys.a
LOAD /Users/daniel/STM32Cube/Repository/STM32Cube_FW_F4_V1.26.1/Drivers/CMSIS/Lib/GCC/libarm_cortexM4lf_math.a
START GROUP
LOAD /usr/local/gcc-arm-none-eabi-9-2019-q4-major/bin/../lib/gcc/arm-none-eabi/9.2.1/thumb/v7e-m+fp/hard/libgcc.a
LOAD /usr/local/gcc-arm-none-eabi-9-2019-q4-major/bin/../lib/gcc/arm-none-eabi/9.2.1/../../../../arm-none-eabi/lib/thumb/v7e-m+fp/hard/libc_nano.a
END GROUP
START GROUP
LOAD /usr/local/gcc-arm-none-eabi-9-2019-q4-major/bin/../lib/gcc/arm-none-eabi/9.2.1/thumb/v7e-m+fp/hard/libgcc.a
LOAD /usr/local/gcc-arm-none-eabi-9-2019-q4-major/bin/../lib/gcc/arm-none-eabi/9.2.1/../../../../arm-none-eabi/lib/thumb/v7e-m+fp/hard/libc_nano.a
END GROUP
LOAD /usr/local/gcc-arm-none-eabi-9-2019-q4-major/bin/../lib/gcc/arm-none-eabi/9.2.1/thumb/v7e-m+fp/hard/crtend.o
LOAD /usr/local/gcc-arm-none-eabi-9-2019-q4-major/bin/../lib/gcc/arm-none-eabi/9.2.1/thumb/v7e-m+fp/hard/crtn.o
                0x0000000020020000                _estack = 0x20020000
                0x0000000000000200                _Min_Heap_Size = 0x200
                0x0000000000000400                _Min_Stack_Size = 0x400

.isr_vector     0x0000000008000000      0x188
                0x0000000008000000                . = ALIGN (0x4)
 *(.isr_vector)
 .isr_vector    0x0000000008000000      0x188 build/startup_stm32f415xx.o
                0x0000000008000000                g_pfnVectors
                0x0000000008000188                . = ALIGN (0x4)

.text           0x0000000008000190     0xa964
                0x0000000008000190                . = ALIGN (0x4)
 *(.text)
 .text          0x0000000008000190       0x40 /usr/local/gcc-arm-none-eabi-9-2019-q4-major/bin/../lib/gcc/arm-none-eabi/9.2.1/thumb/v7e-m+fp/hard/crtbegin.o
 .text          0x00000000080001d0       0x14 /usr/local/gcc-arm-none-eabi-9-2019-q4-major/bin/../lib/gcc/arm-none-eabi/9.2.1/../../../../arm-none-eabi/lib/thumb/v7e-m+fp/hard/libc_nano.a(lib_a-strcmp.o)
                0x00000000080001d0                strcmp
 .text          0x00000000080001e4       0x10 /usr/local/gcc-arm-none-eabi-9-2019-q4-major/bin/../lib/gcc/arm-none-eabi/9.2.1/../../../../arm-none-eabi/lib/thumb/v7e-m+fp/hard/libc_nano.a(lib_a-strlen.o)
                0x00000000080001e4                strlen
 *fill*         0x00000000080001f4        0xc 
 .text          0x0000000008000200       0xa0 /usr/local/gcc-arm-none-eabi-9-2019-q4-major/bin/../lib/gcc/arm-none-eabi/9.2.1/../../../../arm-none-eabi/lib/thumb/v7e-m+fp/hard/libc_nano.a(lib_a-memchr.o)
                0x0000000008000200                memchr
 .text          0x00000000080002a0      0x378 /usr/local/gcc-arm-none-eabi-9-2019-q4-major/bin/../lib/gcc/arm-none-eabi/9.2.1/thumb/v7e-m+fp/hard/libgcc.a(_arm_addsubdf3.o)
                0x00000000080002a0                __aeabi_drsub
                0x00000000080002a8                __subdf3
                0x00000000080002a8                __aeabi_dsub
                0x00000000080002ac                __aeabi_dadd
                0x00000000080002ac                __adddf3
                0x0000000008000524                __aeabi_ui2d
                0x0000000008000524                __floatunsidf
                0x0000000008000544                __floatsidf
                0x0000000008000544                __aeabi_i2d
                0x0000000008000568                __extendsfdf2
                0x0000000008000568                __aeabi_f2d
                0x00000000080005ac                __aeabi_ul2d
                0x00000000080005ac                __floatundidf
                0x00000000080005bc                __aeabi_l2d
                0x00000000080005bc                __floatdidf
 .text          0x0000000008000618      0x424 /usr/local/gcc-arm-none-eabi-9-2019-q4-major/bin/../lib/gcc/arm-none-eabi/9.2.1/thumb/v7e-m+fp/hard/libgcc.a(_arm_muldivdf3.o)
                0x0000000008000618                __aeabi_dmul
                0x0000000008000618                __muldf3
                0x000000000800086c                __aeabi_ddiv
                0x000000000800086c                __divdf3
 .text          0x0000000008000a3c      0x110 /usr/local/gcc-arm-none-eabi-9-2019-q4-major/bin/../lib/gcc/arm-none-eabi/9.2.1/thumb/v7e-m+fp/hard/libgcc.a(_arm_cmpdf2.o)
                0x0000000008000a3c                __gedf2
                0x0000000008000a3c                __gtdf2
                0x0000000008000a44                __ledf2
                0x0000000008000a44                __ltdf2
                0x0000000008000a4c                __cmpdf2
                0x0000000008000a4c                __eqdf2
                0x0000000008000a4c                __nedf2
                0x0000000008000ac8                __aeabi_cdrcmple
                0x0000000008000ad8                __aeabi_cdcmple
                0x0000000008000ad8                __aeabi_cdcmpeq
                0x0000000008000ae8                __aeabi_dcmpeq
                0x0000000008000afc                __aeabi_dcmplt
                0x0000000008000b10                __aeabi_dcmple
                0x0000000008000b24                __aeabi_dcmpge
                0x0000000008000b38                __aeabi_dcmpgt
 .text          0x0000000008000b4c       0x50 /usr/local/gcc-arm-none-eabi-9-2019-q4-major/bin/../lib/gcc/arm-none-eabi/9.2.1/thumb/v7e-m+fp/hard/libgcc.a(_arm_fixdfsi.o)
                0x0000000008000b4c                __fixdfsi
                0x0000000008000b4c                __aeabi_d2iz
 .text          0x0000000008000b9c       0x40 /usr/local/gcc-arm-none-eabi-9-2019-q4-major/bin/../lib/gcc/arm-none-eabi/9.2.1/thumb/v7e-m+fp/hard/libgcc.a(_arm_fixunsdfsi.o)
                0x0000000008000b9c                __fixunsdfsi
                0x0000000008000b9c                __aeabi_d2uiz
 .text          0x0000000008000bdc       0xa0 /usr/local/gcc-arm-none-eabi-9-2019-q4-major/bin/../lib/gcc/arm-none-eabi/9.2.1/thumb/v7e-m+fp/hard/libgcc.a(_arm_truncdfsf2.o)
                0x0000000008000bdc                __aeabi_d2f
                0x0000000008000bdc                __truncdfsf2
 .text          0x0000000008000c7c       0x30 /usr/local/gcc-arm-none-eabi-9-2019-q4-major/bin/../lib/gcc/arm-none-eabi/9.2.1/thumb/v7e-m+fp/hard/libgcc.a(_aeabi_uldivmod.o)
                0x0000000008000c7c                __aeabi_uldivmod
 .text          0x0000000008000cac      0x2c4 /usr/local/gcc-arm-none-eabi-9-2019-q4-major/bin/../lib/gcc/arm-none-eabi/9.2.1/thumb/v7e-m+fp/hard/libgcc.a(_udivmoddi4.o)
                0x0000000008000cac                __udivmoddi4
 .text          0x0000000008000f70        0x4 /usr/local/gcc-arm-none-eabi-9-2019-q4-major/bin/../lib/gcc/arm-none-eabi/9.2.1/thumb/v7e-m+fp/hard/libgcc.a(_dvmd_tls.o)
                0x0000000008000f70                __aeabi_ldiv0
                0x0000000008000f70                __aeabi_idiv0
 *(.text*)
 *fill*         0x0000000008000f74        0x4 
 .text.ProcessIMUData
                0x0000000008000f78      0x138 build/main.o
 .text.delay_us
                0x00000000080010b0       0x14 build/main.o
 .text.cutterOFF
                0x00000000080010c4       0x18 build/main.o
 .text.UpdateMotorSpeed
                0x00000000080010dc       0xe4 build/main.o
 .text.MotorBrake
                0x00000000080011c0       0x28 build/main.o
 .text.MX_GPIO_Init
                0x00000000080011e8       0xdc build/main.o
 .text.MX_DMA_Init
                0x00000000080012c4       0x68 build/main.o
 .text.WatchdogInit
                0x000000000800132c       0x20 build/main.o
 .text.InitFIR  0x000000000800134c       0x28 build/main.o
 .text.MotorHardBrake
                0x0000000008001374       0x34 build/main.o
 .text.cutterHardBreak
                0x00000000080013a8       0x20 build/main.o
 .text.MotorStop
                0x00000000080013c8       0x9c build/main.o
 .text.Undock_MotorBackward
                0x0000000008001464       0x48 build/main.o
 .text.Init6050
                0x00000000080014ac       0x90 build/main.o
 .text.Serial_RPi
                0x000000000800153c       0x1c build/main.o
 .text.Serial_Console
                0x0000000008001558       0x1c build/main.o
 .text.FIR_LEFT
                0x0000000008001574       0x48 build/main.o
 .text.FIR_RIGHT
                0x00000000080015bc       0x48 build/main.o
 .text.CheckBWF
                0x0000000008001604      0x26c build/main.o
 .text.CheckSecurity
                0x0000000008001870       0x90 build/main.o
 .text.MotorLeft
                0x0000000008001900       0x54 build/main.o
 .text.MotorBackward
                0x0000000008001954       0x54 build/main.o
 .text.MotorRight
                0x00000000080019a8       0x54 build/main.o
 .text.unDock   0x00000000080019fc       0xc8 build/main.o
 .text.TimeToGoHome
                0x0000000008001ac4       0x4c build/main.o
 .text.rnd      0x0000000008001b10       0x18 build/main.o
 .text.cutterON
                0x0000000008001b28       0x80 build/main.o
 .text.ADC_Send
                0x0000000008001ba8       0x44 build/main.o
 .text.ADC_Receive
                0x0000000008001bec       0x34 build/main.o
 .text.CheckMotorCurrent
                0x0000000008001c20      0x324 build/main.o
 *fill*         0x0000000008001f44        0x4 
 .text.CollectADC
                0x0000000008001f48      0x1b8 build/main.o
 .text.ChargerConnected
                0x0000000008002100      0x100 build/main.o
 .text.CheckVoltage
                0x0000000008002200       0x68 build/main.o
 .text.SendInfo
                0x0000000008002268      0x274 build/main.o
 *fill*         0x00000000080024dc        0x4 
 .text.perimeterTracker
                0x00000000080024e0      0x260 build/main.o
 .text.parseCommand_RPI
                0x0000000008002740      0x130 build/main.o
 .text.BootLoaderInit
                0x0000000008002870       0x44 build/main.o
 .text.setDate  0x00000000080028b4       0x48 build/main.o
 .text.setTime  0x00000000080028fc       0x4c build/main.o
 .text.parseCommand_Console
                0x0000000008002948      0xc84 build/main.o
 .text.WatchdogRefresh
                0x00000000080035cc       0x10 build/main.o
 .text.HAL_TIM_PeriodElapsedCallback
                0x00000000080035dc       0x14 build/main.o
                0x00000000080035dc                HAL_TIM_PeriodElapsedCallback
 .text.HAL_ADC_ConvCpltCallback
                0x00000000080035f0        0x2 build/main.o
                0x00000000080035f0                HAL_ADC_ConvCpltCallback
 *fill*         0x00000000080035f2        0x2 
 .text.HAL_UART_RxCpltCallback_UART1
                0x00000000080035f4       0x3c build/main.o
                0x00000000080035f4                HAL_UART_RxCpltCallback_UART1
 .text.HAL_UART_RxCpltCallback_UART2
                0x0000000008003630       0x3c build/main.o
                0x0000000008003630                HAL_UART_RxCpltCallback_UART2
 .text.HAL_UART_TxCpltCallback
                0x000000000800366c        0x2 build/main.o
                0x000000000800366c                HAL_UART_TxCpltCallback
 .text.Error_Handler
                0x000000000800366e        0x4 build/main.o
                0x000000000800366e                Error_Handler
 *fill*         0x0000000008003672        0x2 
 .text.MX_ADC1_Init
                0x0000000008003674       0x84 build/main.o
 .text.MX_I2C1_Init
                0x00000000080036f8       0x38 build/main.o
 .text.MX_I2C2_Init
                0x0000000008003730       0x38 build/main.o
 .text.reInitIMU
                0x0000000008003768       0x80 build/main.o
 .text.MPU6050_Read_Accel
                0x00000000080037e8      0x1a0 build/main.o
 .text.MPU6050_Read_Gyro
                0x0000000008003988      0x158 build/main.o
 .text.MotorForward
                0x0000000008003ae0       0xe0 build/main.o
 .text.CheckState
                0x0000000008003bc0      0x444 build/main.o
 .text.MX_IWDG_Init
                0x0000000008004004       0x28 build/main.o
 .text.MX_RNG_Init
                0x000000000800402c       0x1c build/main.o
 .text.MX_USART1_UART_Init
                0x0000000008004048       0x34 build/main.o
 .text.MX_USART2_UART_Init
                0x000000000800407c       0x34 build/main.o
 .text.MX_TIM3_Init
                0x00000000080040b0       0xb4 build/main.o
 .text.MX_TIM4_Init
                0x0000000008004164       0xd8 build/main.o
 .text.MX_RTC_Init
                0x000000000800423c       0x30 build/main.o
 .text.MX_TIM2_Init
                0x000000000800426c       0x68 build/main.o
 .text.MX_TIM5_Init
                0x00000000080042d4       0x68 build/main.o
 .text.SystemClock_Config
                0x000000000800433c       0xd0 build/main.o
                0x000000000800433c                SystemClock_Config
 .text.main     0x000000000800440c      0x234 build/main.o
                0x000000000800440c                main
 .text.NMI_Handler
                0x0000000008004640        0x2 build/stm32f4xx_it.o
                0x0000000008004640                NMI_Handler
 .text.HardFault_Handler
                0x0000000008004642        0x2 build/stm32f4xx_it.o
                0x0000000008004642                HardFault_Handler
 .text.MemManage_Handler
                0x0000000008004644        0x2 build/stm32f4xx_it.o
                0x0000000008004644                MemManage_Handler
 .text.BusFault_Handler
                0x0000000008004646        0x2 build/stm32f4xx_it.o
                0x0000000008004646                BusFault_Handler
 .text.UsageFault_Handler
                0x0000000008004648        0x2 build/stm32f4xx_it.o
                0x0000000008004648                UsageFault_Handler
 .text.SVC_Handler
                0x000000000800464a        0x2 build/stm32f4xx_it.o
                0x000000000800464a                SVC_Handler
 .text.DebugMon_Handler
                0x000000000800464c        0x2 build/stm32f4xx_it.o
                0x000000000800464c                DebugMon_Handler
 .text.PendSV_Handler
                0x000000000800464e        0x2 build/stm32f4xx_it.o
                0x000000000800464e                PendSV_Handler
 .text.SysTick_Handler
                0x0000000008004650        0x8 build/stm32f4xx_it.o
                0x0000000008004650                SysTick_Handler
 .text.DMA1_Stream5_IRQHandler
                0x0000000008004658       0x10 build/stm32f4xx_it.o
                0x0000000008004658                DMA1_Stream5_IRQHandler
 .text.ADC_IRQHandler
                0x0000000008004668       0x10 build/stm32f4xx_it.o
                0x0000000008004668                ADC_IRQHandler
 .text.TIM2_IRQHandler
                0x0000000008004678       0x10 build/stm32f4xx_it.o
                0x0000000008004678                TIM2_IRQHandler
 .text.USART1_IRQHandler
                0x0000000008004688       0x24 build/stm32f4xx_it.o
                0x0000000008004688                USART1_IRQHandler
 .text.USART2_IRQHandler
                0x00000000080046ac       0x24 build/stm32f4xx_it.o
                0x00000000080046ac                USART2_IRQHandler
 .text.TIM5_IRQHandler
                0x00000000080046d0       0x10 build/stm32f4xx_it.o
                0x00000000080046d0                TIM5_IRQHandler
 .text.DMA2_Stream0_IRQHandler
                0x00000000080046e0       0x10 build/stm32f4xx_it.o
                0x00000000080046e0                DMA2_Stream0_IRQHandler
 .text.DMA2_Stream2_IRQHandler
                0x00000000080046f0       0x10 build/stm32f4xx_it.o
                0x00000000080046f0                DMA2_Stream2_IRQHandler
 .text.HASH_RNG_IRQHandler
                0x0000000008004700       0x10 build/stm32f4xx_it.o
                0x0000000008004700                HASH_RNG_IRQHandler
 .text.HAL_MspInit
                0x0000000008004710       0x38 build/stm32f4xx_hal_msp.o
                0x0000000008004710                HAL_MspInit
 .text.HAL_ADC_MspInit
                0x0000000008004748       0xbc build/stm32f4xx_hal_msp.o
                0x0000000008004748                HAL_ADC_MspInit
 .text.HAL_I2C_MspInit
                0x0000000008004804       0xc8 build/stm32f4xx_hal_msp.o
                0x0000000008004804                HAL_I2C_MspInit
 .text.HAL_I2C_MspDeInit
                0x00000000080048cc       0x64 build/stm32f4xx_hal_msp.o
                0x00000000080048cc                HAL_I2C_MspDeInit
 .text.HAL_RNG_MspInit
                0x0000000008004930       0x44 build/stm32f4xx_hal_msp.o
                0x0000000008004930                HAL_RNG_MspInit
 .text.HAL_RTC_MspInit
                0x0000000008004974       0x1c build/stm32f4xx_hal_msp.o
                0x0000000008004974                HAL_RTC_MspInit
 .text.HAL_TIM_Base_MspInit
                0x0000000008004990       0xbc build/stm32f4xx_hal_msp.o
                0x0000000008004990                HAL_TIM_Base_MspInit
 .text.HAL_TIM_MspPostInit
                0x0000000008004a4c       0xa0 build/stm32f4xx_hal_msp.o
                0x0000000008004a4c                HAL_TIM_MspPostInit
 .text.HAL_UART_MspInit
                0x0000000008004aec      0x15c build/stm32f4xx_hal_msp.o
                0x0000000008004aec                HAL_UART_MspInit
 .text.ADC_Init
                0x0000000008004c48      0x134 build/stm32f4xx_hal_adc.o
 .text.HAL_ADC_Init
                0x0000000008004d7c       0x56 build/stm32f4xx_hal_adc.o
                0x0000000008004d7c                HAL_ADC_Init
 *fill*         0x0000000008004dd2        0x2 
 .text.HAL_ADC_Start_DMA
                0x0000000008004dd4      0x19c build/stm32f4xx_hal_adc.o
                0x0000000008004dd4                HAL_ADC_Start_DMA
 .text.HAL_ADC_ConvHalfCpltCallback
                0x0000000008004f70        0x2 build/stm32f4xx_hal_adc.o
                0x0000000008004f70                HAL_ADC_ConvHalfCpltCallback
 .text.ADC_DMAHalfConvCplt
                0x0000000008004f72        0xa build/stm32f4xx_hal_adc.o
 .text.HAL_ADC_LevelOutOfWindowCallback
                0x0000000008004f7c        0x2 build/stm32f4xx_hal_adc.o
                0x0000000008004f7c                HAL_ADC_LevelOutOfWindowCallback
 .text.HAL_ADC_ErrorCallback
                0x0000000008004f7e        0x2 build/stm32f4xx_hal_adc.o
                0x0000000008004f7e                HAL_ADC_ErrorCallback
 .text.HAL_ADC_IRQHandler
                0x0000000008004f80      0x14e build/stm32f4xx_hal_adc.o
                0x0000000008004f80                HAL_ADC_IRQHandler
 .text.ADC_DMAError
                0x00000000080050ce       0x16 build/stm32f4xx_hal_adc.o
 .text.ADC_DMAConvCplt
                0x00000000080050e4       0x72 build/stm32f4xx_hal_adc.o
 *fill*         0x0000000008005156        0x2 
 .text.HAL_ADC_ConfigChannel
                0x0000000008005158      0x190 build/stm32f4xx_hal_adc.o
                0x0000000008005158                HAL_ADC_ConfigChannel
 .text.HAL_ADCEx_InjectedConvCpltCallback
                0x00000000080052e8        0x2 build/stm32f4xx_hal_adc_ex.o
                0x00000000080052e8                HAL_ADCEx_InjectedConvCpltCallback
 *fill*         0x00000000080052ea        0x2 
 .text.HAL_RCC_OscConfig
                0x00000000080052ec      0x3f8 build/stm32f4xx_hal_rcc.o
                0x00000000080052ec                HAL_RCC_OscConfig
 .text.HAL_RCC_GetSysClockFreq
                0x00000000080056e4       0xc0 build/stm32f4xx_hal_rcc.o
                0x00000000080056e4                HAL_RCC_GetSysClockFreq
 .text.HAL_RCC_ClockConfig
                0x00000000080057a4      0x160 build/stm32f4xx_hal_rcc.o
                0x00000000080057a4                HAL_RCC_ClockConfig
 .text.HAL_RCC_GetHCLKFreq
                0x0000000008005904        0xc build/stm32f4xx_hal_rcc.o
                0x0000000008005904                HAL_RCC_GetHCLKFreq
 .text.HAL_RCC_GetPCLK1Freq
                0x0000000008005910       0x20 build/stm32f4xx_hal_rcc.o
                0x0000000008005910                HAL_RCC_GetPCLK1Freq
 .text.HAL_RCC_GetPCLK2Freq
                0x0000000008005930       0x20 build/stm32f4xx_hal_rcc.o
                0x0000000008005930                HAL_RCC_GetPCLK2Freq
 .text.HAL_RCCEx_PeriphCLKConfig
                0x0000000008005950      0x154 build/stm32f4xx_hal_rcc_ex.o
                0x0000000008005950                HAL_RCCEx_PeriphCLKConfig
 .text.HAL_GPIO_Init
                0x0000000008005aa4      0x1d4 build/stm32f4xx_hal_gpio.o
                0x0000000008005aa4                HAL_GPIO_Init
 .text.HAL_GPIO_DeInit
                0x0000000008005c78      0x134 build/stm32f4xx_hal_gpio.o
                0x0000000008005c78                HAL_GPIO_DeInit
 .text.HAL_GPIO_ReadPin
                0x0000000008005dac        0xe build/stm32f4xx_hal_gpio.o
                0x0000000008005dac                HAL_GPIO_ReadPin
 .text.HAL_GPIO_WritePin
                0x0000000008005dba        0xc build/stm32f4xx_hal_gpio.o
                0x0000000008005dba                HAL_GPIO_WritePin
 .text.DMA_SetConfig
                0x0000000008005dc6       0x2c build/stm32f4xx_hal_dma.o
 *fill*         0x0000000008005df2        0x2 
 .text.DMA_CalcBaseAndBitshift
                0x0000000008005df4       0x44 build/stm32f4xx_hal_dma.o
 .text.DMA_CheckFifoParam
                0x0000000008005e38       0x8e build/stm32f4xx_hal_dma.o
 *fill*         0x0000000008005ec6        0x2 
 .text.HAL_DMA_Init
                0x0000000008005ec8       0xcc build/stm32f4xx_hal_dma.o
                0x0000000008005ec8                HAL_DMA_Init
 .text.HAL_DMA_Start_IT
                0x0000000008005f94       0x6a build/stm32f4xx_hal_dma.o
                0x0000000008005f94                HAL_DMA_Start_IT
 .text.HAL_DMA_Abort
                0x0000000008005ffe       0x94 build/stm32f4xx_hal_dma.o
                0x0000000008005ffe                HAL_DMA_Abort
 .text.HAL_DMA_Abort_IT
                0x0000000008006092       0x26 build/stm32f4xx_hal_dma.o
                0x0000000008006092                HAL_DMA_Abort_IT
 .text.HAL_DMA_IRQHandler
                0x00000000080060b8      0x1dc build/stm32f4xx_hal_dma.o
                0x00000000080060b8                HAL_DMA_IRQHandler
 .text.HAL_NVIC_SetPriorityGrouping
                0x0000000008006294       0x24 build/stm32f4xx_hal_cortex.o
                0x0000000008006294                HAL_NVIC_SetPriorityGrouping
 .text.HAL_NVIC_SetPriority
                0x00000000080062b8       0x68 build/stm32f4xx_hal_cortex.o
                0x00000000080062b8                HAL_NVIC_SetPriority
 .text.HAL_NVIC_EnableIRQ
                0x0000000008006320       0x1c build/stm32f4xx_hal_cortex.o
                0x0000000008006320                HAL_NVIC_EnableIRQ
 .text.HAL_SYSTICK_Config
                0x000000000800633c       0x2c build/stm32f4xx_hal_cortex.o
                0x000000000800633c                HAL_SYSTICK_Config
 .text.HAL_MspDeInit
                0x0000000008006368        0x2 build/stm32f4xx_hal.o
                0x0000000008006368                HAL_MspDeInit
 *fill*         0x000000000800636a        0x2 
 .text.HAL_DeInit
                0x000000000800636c       0x2c build/stm32f4xx_hal.o
                0x000000000800636c                HAL_DeInit
 .text.HAL_InitTick
                0x0000000008006398       0x4c build/stm32f4xx_hal.o
                0x0000000008006398                HAL_InitTick
 .text.HAL_Init
                0x00000000080063e4       0x34 build/stm32f4xx_hal.o
                0x00000000080063e4                HAL_Init
 .text.HAL_IncTick
                0x0000000008006418       0x18 build/stm32f4xx_hal.o
                0x0000000008006418                HAL_IncTick
 .text.HAL_GetTick
                0x0000000008006430        0xc build/stm32f4xx_hal.o
                0x0000000008006430                HAL_GetTick
 .text.HAL_Delay
                0x000000000800643c       0x28 build/stm32f4xx_hal.o
                0x000000000800643c                HAL_Delay
 .text.I2C_IsAcknowledgeFailed
                0x0000000008006464       0x32 build/stm32f4xx_hal_i2c.o
 .text.I2C_WaitOnFlagUntilTimeout
                0x0000000008006496       0x74 build/stm32f4xx_hal_i2c.o
 .text.I2C_WaitOnMasterAddressFlagUntilTimeout
                0x000000000800650a       0xaa build/stm32f4xx_hal_i2c.o
 .text.I2C_MasterRequestWrite
                0x00000000080065b4       0xb4 build/stm32f4xx_hal_i2c.o
 .text.I2C_MasterRequestRead
                0x0000000008006668      0x120 build/stm32f4xx_hal_i2c.o
 .text.I2C_WaitOnTXEFlagUntilTimeout
                0x0000000008006788       0x54 build/stm32f4xx_hal_i2c.o
 .text.I2C_RequestMemoryWrite
                0x00000000080067dc       0xd8 build/stm32f4xx_hal_i2c.o
 .text.I2C_RequestMemoryRead
                0x00000000080068b4      0x154 build/stm32f4xx_hal_i2c.o
 .text.I2C_WaitOnBTFFlagUntilTimeout
                0x0000000008006a08       0x54 build/stm32f4xx_hal_i2c.o
 .text.I2C_WaitOnRXNEFlagUntilTimeout
                0x0000000008006a5c       0x6a build/stm32f4xx_hal_i2c.o
 *fill*         0x0000000008006ac6        0x2 
 .text.HAL_I2C_Init
                0x0000000008006ac8      0x1bc build/stm32f4xx_hal_i2c.o
                0x0000000008006ac8                HAL_I2C_Init
 .text.HAL_I2C_DeInit
                0x0000000008006c84       0x32 build/stm32f4xx_hal_i2c.o
                0x0000000008006c84                HAL_I2C_DeInit
 *fill*         0x0000000008006cb6        0x2 
 .text.HAL_I2C_Master_Transmit
                0x0000000008006cb8      0x178 build/stm32f4xx_hal_i2c.o
                0x0000000008006cb8                HAL_I2C_Master_Transmit
 .text.HAL_I2C_Master_Receive
                0x0000000008006e30      0x2e8 build/stm32f4xx_hal_i2c.o
                0x0000000008006e30                HAL_I2C_Master_Receive
 .text.HAL_I2C_Mem_Write
                0x0000000008007118      0x164 build/stm32f4xx_hal_i2c.o
                0x0000000008007118                HAL_I2C_Mem_Write
 .text.HAL_I2C_Mem_Read
                0x000000000800727c      0x2e4 build/stm32f4xx_hal_i2c.o
                0x000000000800727c                HAL_I2C_Mem_Read
 .text.HAL_IWDG_Init
                0x0000000008007560       0x58 build/stm32f4xx_hal_iwdg.o
                0x0000000008007560                HAL_IWDG_Init
 .text.HAL_IWDG_Refresh
                0x00000000080075b8        0xc build/stm32f4xx_hal_iwdg.o
                0x00000000080075b8                HAL_IWDG_Refresh
 .text.HAL_RNG_Init
                0x00000000080075c4       0x2e build/stm32f4xx_hal_rng.o
                0x00000000080075c4                HAL_RNG_Init
 .text.HAL_RNG_GenerateRandomNumber
                0x00000000080075f2       0x64 build/stm32f4xx_hal_rng.o
                0x00000000080075f2                HAL_RNG_GenerateRandomNumber
 .text.HAL_RNG_GetRandomNumber
                0x0000000008007656       0x16 build/stm32f4xx_hal_rng.o
                0x0000000008007656                HAL_RNG_GetRandomNumber
 .text.HAL_RNG_ReadyDataCallback
                0x000000000800766c        0x2 build/stm32f4xx_hal_rng.o
                0x000000000800766c                HAL_RNG_ReadyDataCallback
 .text.HAL_RNG_ErrorCallback
                0x000000000800766e        0x2 build/stm32f4xx_hal_rng.o
                0x000000000800766e                HAL_RNG_ErrorCallback
 .text.HAL_RNG_IRQHandler
                0x0000000008007670       0x64 build/stm32f4xx_hal_rng.o
                0x0000000008007670                HAL_RNG_IRQHandler
 .text.HAL_RTC_WaitForSynchro
                0x00000000080076d4       0x32 build/stm32f4xx_hal_rtc.o
                0x00000000080076d4                HAL_RTC_WaitForSynchro
 .text.RTC_EnterInitMode
                0x0000000008007706       0x3c build/stm32f4xx_hal_rtc.o
                0x0000000008007706                RTC_EnterInitMode
 .text.HAL_RTC_Init
                0x0000000008007742       0xc4 build/stm32f4xx_hal_rtc.o
                0x0000000008007742                HAL_RTC_Init
 .text.RTC_ByteToBcd2
                0x0000000008007806       0x16 build/stm32f4xx_hal_rtc.o
                0x0000000008007806                RTC_ByteToBcd2
 .text.HAL_RTC_SetTime
                0x000000000800781c       0xfe build/stm32f4xx_hal_rtc.o
                0x000000000800781c                HAL_RTC_SetTime
 .text.HAL_RTC_SetDate
                0x000000000800791a       0xda build/stm32f4xx_hal_rtc.o
                0x000000000800791a                HAL_RTC_SetDate
 .text.RTC_Bcd2ToByte
                0x00000000080079f4       0x12 build/stm32f4xx_hal_rtc.o
                0x00000000080079f4                RTC_Bcd2ToByte
 .text.HAL_RTC_GetTime
                0x0000000008007a06       0x50 build/stm32f4xx_hal_rtc.o
                0x0000000008007a06                HAL_RTC_GetTime
 .text.HAL_RTC_GetDate
                0x0000000008007a56       0x3c build/stm32f4xx_hal_rtc.o
                0x0000000008007a56                HAL_RTC_GetDate
 *fill*         0x0000000008007a92        0x2 
 .text.TIM_OC1_SetConfig
                0x0000000008007a94       0x68 build/stm32f4xx_hal_tim.o
 .text.TIM_OC3_SetConfig
                0x0000000008007afc       0x70 build/stm32f4xx_hal_tim.o
 .text.TIM_OC4_SetConfig
                0x0000000008007b6c       0x50 build/stm32f4xx_hal_tim.o
 .text.TIM_TI1_ConfigInputStage
                0x0000000008007bbc       0x24 build/stm32f4xx_hal_tim.o
 .text.TIM_TI2_ConfigInputStage
                0x0000000008007be0       0x26 build/stm32f4xx_hal_tim.o
 .text.TIM_ITRx_SetConfig
                0x0000000008007c06       0x10 build/stm32f4xx_hal_tim.o
 *fill*         0x0000000008007c16        0x2 
 .text.HAL_TIM_Base_Start
                0x0000000008007c18       0x7c build/stm32f4xx_hal_tim.o
                0x0000000008007c18                HAL_TIM_Base_Start
 .text.HAL_TIM_Base_Start_IT
                0x0000000008007c94       0x88 build/stm32f4xx_hal_tim.o
                0x0000000008007c94                HAL_TIM_Base_Start_IT
 .text.HAL_TIM_PWM_MspInit
                0x0000000008007d1c        0x2 build/stm32f4xx_hal_tim.o
                0x0000000008007d1c                HAL_TIM_PWM_MspInit
 .text.HAL_TIM_OC_DelayElapsedCallback
                0x0000000008007d1e        0x2 build/stm32f4xx_hal_tim.o
                0x0000000008007d1e                HAL_TIM_OC_DelayElapsedCallback
 .text.HAL_TIM_IC_CaptureCallback
                0x0000000008007d20        0x2 build/stm32f4xx_hal_tim.o
                0x0000000008007d20                HAL_TIM_IC_CaptureCallback
 .text.HAL_TIM_PWM_PulseFinishedCallback
                0x0000000008007d22        0x2 build/stm32f4xx_hal_tim.o
                0x0000000008007d22                HAL_TIM_PWM_PulseFinishedCallback
 .text.HAL_TIM_TriggerCallback
                0x0000000008007d24        0x2 build/stm32f4xx_hal_tim.o
                0x0000000008007d24                HAL_TIM_TriggerCallback
 .text.HAL_TIM_IRQHandler
                0x0000000008007d26      0x17a build/stm32f4xx_hal_tim.o
                0x0000000008007d26                HAL_TIM_IRQHandler
 .text.TIM_Base_SetConfig
                0x0000000008007ea0       0xc8 build/stm32f4xx_hal_tim.o
                0x0000000008007ea0                TIM_Base_SetConfig
 .text.HAL_TIM_Base_Init
                0x0000000008007f68       0x58 build/stm32f4xx_hal_tim.o
                0x0000000008007f68                HAL_TIM_Base_Init
 .text.HAL_TIM_PWM_Init
                0x0000000008007fc0       0x58 build/stm32f4xx_hal_tim.o
                0x0000000008007fc0                HAL_TIM_PWM_Init
 .text.TIM_OC2_SetConfig
                0x0000000008008018       0x70 build/stm32f4xx_hal_tim.o
                0x0000000008008018                TIM_OC2_SetConfig
 .text.HAL_TIM_PWM_ConfigChannel
                0x0000000008008088       0xd0 build/stm32f4xx_hal_tim.o
                0x0000000008008088                HAL_TIM_PWM_ConfigChannel
 .text.TIM_ETR_SetConfig
                0x0000000008008158       0x18 build/stm32f4xx_hal_tim.o
                0x0000000008008158                TIM_ETR_SetConfig
 .text.HAL_TIM_ConfigClockSource
                0x0000000008008170       0xda build/stm32f4xx_hal_tim.o
                0x0000000008008170                HAL_TIM_ConfigClockSource
 .text.TIM_CCxChannelCmd
                0x000000000800824a       0x24 build/stm32f4xx_hal_tim.o
                0x000000000800824a                TIM_CCxChannelCmd
 *fill*         0x000000000800826e        0x2 
 .text.HAL_TIM_PWM_Start
                0x0000000008008270      0x104 build/stm32f4xx_hal_tim.o
                0x0000000008008270                HAL_TIM_PWM_Start
 .text.HAL_TIMEx_MasterConfigSynchronization
                0x0000000008008374       0x88 build/stm32f4xx_hal_tim_ex.o
                0x0000000008008374                HAL_TIMEx_MasterConfigSynchronization
 .text.HAL_TIMEx_CommutCallback
                0x00000000080083fc        0x2 build/stm32f4xx_hal_tim_ex.o
                0x00000000080083fc                HAL_TIMEx_CommutCallback
 .text.HAL_TIMEx_BreakCallback
                0x00000000080083fe        0x2 build/stm32f4xx_hal_tim_ex.o
                0x00000000080083fe                HAL_TIMEx_BreakCallback
 .text.UART_EndTxTransfer
                0x0000000008008400       0x12 build/stm32f4xx_hal_uart.o
 .text.UART_EndRxTransfer
                0x0000000008008412       0x32 build/stm32f4xx_hal_uart.o
 .text.UART_Transmit_IT
                0x0000000008008444       0x60 build/stm32f4xx_hal_uart.o
 .text.UART_SetConfig
                0x00000000080084a4      0x11c build/stm32f4xx_hal_uart.o
 .text.UART_WaitOnFlagUntilTimeout
                0x00000000080085c0       0x68 build/stm32f4xx_hal_uart.o
 .text.HAL_UART_Init
                0x0000000008008628       0x5e build/stm32f4xx_hal_uart.o
                0x0000000008008628                HAL_UART_Init
 .text.HAL_UART_Transmit
                0x0000000008008686       0xd8 build/stm32f4xx_hal_uart.o
                0x0000000008008686                HAL_UART_Transmit
 .text.HAL_UART_DMAStop
                0x000000000800875e       0x64 build/stm32f4xx_hal_uart.o
                0x000000000800875e                HAL_UART_DMAStop
 .text.UART_EndTransmit_IT
                0x00000000080087c2       0x1a build/stm32f4xx_hal_uart.o
 .text.HAL_UART_RxCpltCallback
                0x00000000080087dc        0x2 build/stm32f4xx_hal_uart.o
                0x00000000080087dc                HAL_UART_RxCpltCallback
 .text.HAL_UART_RxHalfCpltCallback
                0x00000000080087de        0x2 build/stm32f4xx_hal_uart.o
                0x00000000080087de                HAL_UART_RxHalfCpltCallback
 .text.HAL_UART_ErrorCallback
                0x00000000080087e0        0x2 build/stm32f4xx_hal_uart.o
                0x00000000080087e0                HAL_UART_ErrorCallback
 .text.UART_DMAError
                0x00000000080087e2       0x58 build/stm32f4xx_hal_uart.o
 .text.UART_DMAAbortOnError
                0x000000000800883a       0x10 build/stm32f4xx_hal_uart.o
 .text.HAL_UARTEx_RxEventCallback
                0x000000000800884a        0x2 build/stm32f4xx_hal_uart.o
                0x000000000800884a                HAL_UARTEx_RxEventCallback
 .text.UART_Receive_IT
                0x000000000800884c       0xba build/stm32f4xx_hal_uart.o
 *fill*         0x0000000008008906        0x2 
 .text.HAL_UART_IRQHandler
                0x0000000008008908      0x208 build/stm32f4xx_hal_uart.o
                0x0000000008008908                HAL_UART_IRQHandler
 .text.UART_DMARxHalfCplt
                0x0000000008008b10       0x1a build/stm32f4xx_hal_uart.o
 .text.UART_DMAReceiveCplt
                0x0000000008008b2a       0x5e build/stm32f4xx_hal_uart.o
 .text.UART_Start_Receive_DMA
                0x0000000008008b88       0x78 build/stm32f4xx_hal_uart.o
                0x0000000008008b88                UART_Start_Receive_DMA
 .text.HAL_UART_Receive_DMA
                0x0000000008008c00       0x38 build/stm32f4xx_hal_uart.o
                0x0000000008008c00                HAL_UART_Receive_DMA
 .text.SystemInit
                0x0000000008008c38       0x14 build/system_stm32f4xx.o
                0x0000000008008c38                SystemInit
 .text.Reset_Handler
                0x0000000008008c4c       0x50 build/startup_stm32f415xx.o
                0x0000000008008c4c                Reset_Handler
 .text.Default_Handler
                0x0000000008008c9c        0x2 build/startup_stm32f415xx.o
                0x0000000008008c9c                DMA1_Stream3_IRQHandler
                0x0000000008008c9c                EXTI2_IRQHandler
                0x0000000008008c9c                TIM8_CC_IRQHandler
                0x0000000008008c9c                TIM1_CC_IRQHandler
                0x0000000008008c9c                DMA2_Stream5_IRQHandler
                0x0000000008008c9c                PVD_IRQHandler
                0x0000000008008c9c                SDIO_IRQHandler
                0x0000000008008c9c                TAMP_STAMP_IRQHandler
                0x0000000008008c9c                CAN2_RX1_IRQHandler
                0x0000000008008c9c                EXTI3_IRQHandler
                0x0000000008008c9c                TIM8_TRG_COM_TIM14_IRQHandler
                0x0000000008008c9c                TIM1_UP_TIM10_IRQHandler
                0x0000000008008c9c                TIM8_UP_TIM13_IRQHandler
                0x0000000008008c9c                I2C3_ER_IRQHandler
                0x0000000008008c9c                EXTI0_IRQHandler
                0x0000000008008c9c                I2C2_EV_IRQHandler
                0x0000000008008c9c                DMA1_Stream2_IRQHandler
                0x0000000008008c9c                CAN1_RX0_IRQHandler
                0x0000000008008c9c                FPU_IRQHandler
                0x0000000008008c9c                OTG_HS_WKUP_IRQHandler
                0x0000000008008c9c                CAN2_SCE_IRQHandler
                0x0000000008008c9c                SPI1_IRQHandler
                0x0000000008008c9c                TIM6_DAC_IRQHandler
                0x0000000008008c9c                TIM1_BRK_TIM9_IRQHandler
                0x0000000008008c9c                CAN2_RX0_IRQHandler
                0x0000000008008c9c                DMA2_Stream3_IRQHandler
                0x0000000008008c9c                USART6_IRQHandler
                0x0000000008008c9c                USART3_IRQHandler
                0x0000000008008c9c                CRYP_IRQHandler
                0x0000000008008c9c                CAN1_RX1_IRQHandler
                0x0000000008008c9c                UART5_IRQHandler
                0x0000000008008c9c                TIM4_IRQHandler
                0x0000000008008c9c                I2C1_EV_IRQHandler
                0x0000000008008c9c                DMA1_Stream6_IRQHandler
                0x0000000008008c9c                DMA1_Stream1_IRQHandler
                0x0000000008008c9c                UART4_IRQHandler
                0x0000000008008c9c                TIM3_IRQHandler
                0x0000000008008c9c                RCC_IRQHandler
                0x0000000008008c9c                TIM8_BRK_TIM12_IRQHandler
                0x0000000008008c9c                Default_Handler
                0x0000000008008c9c                EXTI15_10_IRQHandler
                0x0000000008008c9c                DMA1_Stream7_IRQHandler
                0x0000000008008c9c                TIM7_IRQHandler
                0x0000000008008c9c                CAN2_TX_IRQHandler
                0x0000000008008c9c                DMA2_Stream7_IRQHandler
                0x0000000008008c9c                I2C3_EV_IRQHandler
                0x0000000008008c9c                EXTI9_5_IRQHandler
                0x0000000008008c9c                RTC_WKUP_IRQHandler
                0x0000000008008c9c                SPI2_IRQHandler
                0x0000000008008c9c                OTG_HS_EP1_IN_IRQHandler
                0x0000000008008c9c                DMA1_Stream0_IRQHandler
                0x0000000008008c9c                CAN1_TX_IRQHandler
                0x0000000008008c9c                EXTI4_IRQHandler
                0x0000000008008c9c                FSMC_IRQHandler
                0x0000000008008c9c                OTG_HS_EP1_OUT_IRQHandler
                0x0000000008008c9c                WWDG_IRQHandler
                0x0000000008008c9c                OTG_FS_WKUP_IRQHandler
                0x0000000008008c9c                TIM1_TRG_COM_TIM11_IRQHandler
                0x0000000008008c9c                OTG_HS_IRQHandler
                0x0000000008008c9c                EXTI1_IRQHandler
                0x0000000008008c9c                I2C2_ER_IRQHandler
                0x0000000008008c9c                DMA2_Stream1_IRQHandler
                0x0000000008008c9c                CAN1_SCE_IRQHandler
                0x0000000008008c9c                FLASH_IRQHandler
                0x0000000008008c9c                DMA2_Stream4_IRQHandler
                0x0000000008008c9c                OTG_FS_IRQHandler
                0x0000000008008c9c                SPI3_IRQHandler
                0x0000000008008c9c                DMA1_Stream4_IRQHandler
                0x0000000008008c9c                I2C1_ER_IRQHandler
                0x0000000008008c9c                DMA2_Stream6_IRQHandler
                0x0000000008008c9c                RTC_Alarm_IRQHandler
 *fill*         0x0000000008008c9e        0x2 
 .text.__libc_init_array
                0x0000000008008ca0       0x48 /usr/local/gcc-arm-none-eabi-9-2019-q4-major/bin/../lib/gcc/arm-none-eabi/9.2.1/../../../../arm-none-eabi/lib/thumb/v7e-m+fp/hard/libc_nano.a(lib_a-init.o)
                0x0000000008008ca0                __libc_init_array
 .text.memcpy   0x0000000008008ce8       0x1c /usr/local/gcc-arm-none-eabi-9-2019-q4-major/bin/../lib/gcc/arm-none-eabi/9.2.1/../../../../arm-none-eabi/lib/thumb/v7e-m+fp/hard/libc_nano.a(lib_a-memcpy-stub.o)
                0x0000000008008ce8                memcpy
 .text.memset   0x0000000008008d04       0x10 /usr/local/gcc-arm-none-eabi-9-2019-q4-major/bin/../lib/gcc/arm-none-eabi/9.2.1/../../../../arm-none-eabi/lib/thumb/v7e-m+fp/hard/libc_nano.a(lib_a-memset.o)
                0x0000000008008d04                memset
 .text.sprintf  0x0000000008008d14       0x40 /usr/local/gcc-arm-none-eabi-9-2019-q4-major/bin/../lib/gcc/arm-none-eabi/9.2.1/../../../../arm-none-eabi/lib/thumb/v7e-m+fp/hard/libc_nano.a(lib_a-sprintf.o)
                0x0000000008008d14                sprintf
                0x0000000008008d14                siprintf
 .text.sscanf   0x0000000008008d54       0x58 /usr/local/gcc-arm-none-eabi-9-2019-q4-major/bin/../lib/gcc/arm-none-eabi/9.2.1/../../../../arm-none-eabi/lib/thumb/v7e-m+fp/hard/libc_nano.a(lib_a-sscanf.o)
                0x0000000008008d54                sscanf
                0x0000000008008d54                siscanf
 .text.__seofread
                0x0000000008008dac        0x4 /usr/local/gcc-arm-none-eabi-9-2019-q4-major/bin/../lib/gcc/arm-none-eabi/9.2.1/../../../../arm-none-eabi/lib/thumb/v7e-m+fp/hard/libc_nano.a(lib_a-stdio.o)
                0x0000000008008dac                __seofread
 .text.strncmp  0x0000000008008db0       0x24 /usr/local/gcc-arm-none-eabi-9-2019-q4-major/bin/../lib/gcc/arm-none-eabi/9.2.1/../../../../arm-none-eabi/lib/thumb/v7e-m+fp/hard/libc_nano.a(lib_a-strncmp.o)
                0x0000000008008db0                strncmp
 .text.__ssputs_r
                0x0000000008008dd4       0xb6 /usr/local/gcc-arm-none-eabi-9-2019-q4-major/bin/../lib/gcc/arm-none-eabi/9.2.1/../../../../arm-none-eabi/lib/thumb/v7e-m+fp/hard/libc_nano.a(lib_a-nano-svfprintf.o)
                0x0000000008008dd4                __ssputs_r
 *fill*         0x0000000008008e8a        0x2 
 .text._svfprintf_r
                0x0000000008008e8c      0x200 /usr/local/gcc-arm-none-eabi-9-2019-q4-major/bin/../lib/gcc/arm-none-eabi/9.2.1/../../../../arm-none-eabi/lib/thumb/v7e-m+fp/hard/libc_nano.a(lib_a-nano-svfprintf.o)
                0x0000000008008e8c                _svfprintf_r
                0x0000000008008e8c                _svfiprintf_r
 .text._sungetc_r
                0x000000000800908c       0x7a /usr/local/gcc-arm-none-eabi-9-2019-q4-major/bin/../lib/gcc/arm-none-eabi/9.2.1/../../../../arm-none-eabi/lib/thumb/v7e-m+fp/hard/libc_nano.a(lib_a-nano-svfscanf.o)
                0x000000000800908c                _sungetc_r
 .text.__ssrefill_r
                0x0000000008009106       0x3a /usr/local/gcc-arm-none-eabi-9-2019-q4-major/bin/../lib/gcc/arm-none-eabi/9.2.1/../../../../arm-none-eabi/lib/thumb/v7e-m+fp/hard/libc_nano.a(lib_a-nano-svfscanf.o)
                0x0000000008009106                __ssrefill_r
 .text.__ssvfscanf_r
                0x0000000008009140      0x2f0 /usr/local/gcc-arm-none-eabi-9-2019-q4-major/bin/../lib/gcc/arm-none-eabi/9.2.1/../../../../arm-none-eabi/lib/thumb/v7e-m+fp/hard/libc_nano.a(lib_a-nano-svfscanf.o)
                0x0000000008009140                __ssvfscanf_r
                0x0000000008009140                __ssvfiscanf_r
 .text._printf_common
                0x0000000008009430       0xda /usr/local/gcc-arm-none-eabi-9-2019-q4-major/bin/../lib/gcc/arm-none-eabi/9.2.1/../../../../arm-none-eabi/lib/thumb/v7e-m+fp/hard/libc_nano.a(lib_a-nano-vfprintf_i.o)
                0x0000000008009430                _printf_common
 *fill*         0x000000000800950a        0x2 
 .text._printf_i
                0x000000000800950c      0x24c /usr/local/gcc-arm-none-eabi-9-2019-q4-major/bin/../lib/gcc/arm-none-eabi/9.2.1/../../../../arm-none-eabi/lib/thumb/v7e-m+fp/hard/libc_nano.a(lib_a-nano-vfprintf_i.o)
                0x000000000800950c                _printf_i
 .text._scanf_chars
                0x0000000008009758       0xb0 /usr/local/gcc-arm-none-eabi-9-2019-q4-major/bin/../lib/gcc/arm-none-eabi/9.2.1/../../../../arm-none-eabi/lib/thumb/v7e-m+fp/hard/libc_nano.a(lib_a-nano-vfscanf_i.o)
                0x0000000008009758                _scanf_chars
 .text._scanf_i
                0x0000000008009808      0x1e8 /usr/local/gcc-arm-none-eabi-9-2019-q4-major/bin/../lib/gcc/arm-none-eabi/9.2.1/../../../../arm-none-eabi/lib/thumb/v7e-m+fp/hard/libc_nano.a(lib_a-nano-vfscanf_i.o)
                0x0000000008009808                _scanf_i
 .text.__sccl   0x00000000080099f0       0x74 /usr/local/gcc-arm-none-eabi-9-2019-q4-major/bin/../lib/gcc/arm-none-eabi/9.2.1/../../../../arm-none-eabi/lib/thumb/v7e-m+fp/hard/libc_nano.a(lib_a-sccl.o)
                0x00000000080099f0                __sccl
 .text._strtol_l.isra.0
                0x0000000008009a64       0xf4 /usr/local/gcc-arm-none-eabi-9-2019-q4-major/bin/../lib/gcc/arm-none-eabi/9.2.1/../../../../arm-none-eabi/lib/thumb/v7e-m+fp/hard/libc_nano.a(lib_a-strtol.o)
 .text._strtol_r
                0x0000000008009b58        0x4 /usr/local/gcc-arm-none-eabi-9-2019-q4-major/bin/../lib/gcc/arm-none-eabi/9.2.1/../../../../arm-none-eabi/lib/thumb/v7e-m+fp/hard/libc_nano.a(lib_a-strtol.o)
                0x0000000008009b58                _strtol_r
 .text._strtoul_l.isra.0
                0x0000000008009b5c       0xf8 /usr/local/gcc-arm-none-eabi-9-2019-q4-major/bin/../lib/gcc/arm-none-eabi/9.2.1/../../../../arm-none-eabi/lib/thumb/v7e-m+fp/hard/libc_nano.a(lib_a-strtoul.o)
 .text._strtoul_r
                0x0000000008009c54        0x4 /usr/local/gcc-arm-none-eabi-9-2019-q4-major/bin/../lib/gcc/arm-none-eabi/9.2.1/../../../../arm-none-eabi/lib/thumb/v7e-m+fp/hard/libc_nano.a(lib_a-strtoul.o)
                0x0000000008009c54                _strtoul_r
 .text.__submore
                0x0000000008009c58       0x74 /usr/local/gcc-arm-none-eabi-9-2019-q4-major/bin/../lib/gcc/arm-none-eabi/9.2.1/../../../../arm-none-eabi/lib/thumb/v7e-m+fp/hard/libc_nano.a(lib_a-ungetc.o)
                0x0000000008009c58                __submore
 .text.__retarget_lock_acquire_recursive
                0x0000000008009ccc        0x2 /usr/local/gcc-arm-none-eabi-9-2019-q4-major/bin/../lib/gcc/arm-none-eabi/9.2.1/../../../../arm-none-eabi/lib/thumb/v7e-m+fp/hard/libc_nano.a(lib_a-lock.o)
                0x0000000008009ccc                __retarget_lock_acquire_recursive
 .text.__retarget_lock_release_recursive
                0x0000000008009cce        0x2 /usr/local/gcc-arm-none-eabi-9-2019-q4-major/bin/../lib/gcc/arm-none-eabi/9.2.1/../../../../arm-none-eabi/lib/thumb/v7e-m+fp/hard/libc_nano.a(lib_a-lock.o)
                0x0000000008009cce                __retarget_lock_release_recursive
 .text.memmove  0x0000000008009cd0       0x34 /usr/local/gcc-arm-none-eabi-9-2019-q4-major/bin/../lib/gcc/arm-none-eabi/9.2.1/../../../../arm-none-eabi/lib/thumb/v7e-m+fp/hard/libc_nano.a(lib_a-memmove.o)
                0x0000000008009cd0                memmove
 .text._free_r  0x0000000008009d04       0xa0 /usr/local/gcc-arm-none-eabi-9-2019-q4-major/bin/../lib/gcc/arm-none-eabi/9.2.1/../../../../arm-none-eabi/lib/thumb/v7e-m+fp/hard/libc_nano.a(lib_a-nano-freer.o)
                0x0000000008009d04                _free_r
 .text._malloc_r
                0x0000000008009da4       0xb4 /usr/local/gcc-arm-none-eabi-9-2019-q4-major/bin/../lib/gcc/arm-none-eabi/9.2.1/../../../../arm-none-eabi/lib/thumb/v7e-m+fp/hard/libc_nano.a(lib_a-nano-mallocr.o)
                0x0000000008009da4                _malloc_r
 .text._realloc_r
                0x0000000008009e58       0x4c /usr/local/gcc-arm-none-eabi-9-2019-q4-major/bin/../lib/gcc/arm-none-eabi/9.2.1/../../../../arm-none-eabi/lib/thumb/v7e-m+fp/hard/libc_nano.a(lib_a-nano-reallocr.o)
                0x0000000008009e58                _realloc_r
 .text._sbrk_r  0x0000000008009ea4       0x20 /usr/local/gcc-arm-none-eabi-9-2019-q4-major/bin/../lib/gcc/arm-none-eabi/9.2.1/../../../../arm-none-eabi/lib/thumb/v7e-m+fp/hard/libc_nano.a(lib_a-sbrkr.o)
                0x0000000008009ea4                _sbrk_r
 .text.__malloc_lock
                0x0000000008009ec4        0xc /usr/local/gcc-arm-none-eabi-9-2019-q4-major/bin/../lib/gcc/arm-none-eabi/9.2.1/../../../../arm-none-eabi/lib/thumb/v7e-m+fp/hard/libc_nano.a(lib_a-mlock.o)
                0x0000000008009ec4                __malloc_lock
 .text.__malloc_unlock
                0x0000000008009ed0        0xc /usr/local/gcc-arm-none-eabi-9-2019-q4-major/bin/../lib/gcc/arm-none-eabi/9.2.1/../../../../arm-none-eabi/lib/thumb/v7e-m+fp/hard/libc_nano.a(lib_a-mlock.o)
                0x0000000008009ed0                __malloc_unlock
 .text._malloc_usable_size_r
                0x0000000008009edc       0x10 /usr/local/gcc-arm-none-eabi-9-2019-q4-major/bin/../lib/gcc/arm-none-eabi/9.2.1/../../../../arm-none-eabi/lib/thumb/v7e-m+fp/hard/libc_nano.a(lib_a-nano-msizer.o)
                0x0000000008009edc                _malloc_usable_size_r
 .text.round    0x0000000008009eec       0x9c /usr/local/gcc-arm-none-eabi-9-2019-q4-major/bin/../lib/gcc/arm-none-eabi/9.2.1/../../../../arm-none-eabi/lib/thumb/v7e-m+fp/hard/libm.a(lib_a-s_round.o)
                0x0000000008009eec                round
 .text.atan2    0x0000000008009f88        0x4 /usr/local/gcc-arm-none-eabi-9-2019-q4-major/bin/../lib/gcc/arm-none-eabi/9.2.1/../../../../arm-none-eabi/lib/thumb/v7e-m+fp/hard/libm.a(lib_a-w_atan2.o)
                0x0000000008009f88                atan2
 .text.sqrtf    0x0000000008009f8c       0xb0 /usr/local/gcc-arm-none-eabi-9-2019-q4-major/bin/../lib/gcc/arm-none-eabi/9.2.1/../../../../arm-none-eabi/lib/thumb/v7e-m+fp/hard/libm.a(lib_a-wf_sqrt.o)
                0x0000000008009f8c                sqrtf
 *fill*         0x000000000800a03c        0x4 
 .text.__ieee754_atan2
                0x000000000800a040      0x1fc /usr/local/gcc-arm-none-eabi-9-2019-q4-major/bin/../lib/gcc/arm-none-eabi/9.2.1/../../../../arm-none-eabi/lib/thumb/v7e-m+fp/hard/libm.a(lib_a-e_atan2.o)
                0x000000000800a040                __ieee754_atan2
 .text.__ieee754_sqrtf
                0x000000000800a23c        0x8 /usr/local/gcc-arm-none-eabi-9-2019-q4-major/bin/../lib/gcc/arm-none-eabi/9.2.1/../../../../arm-none-eabi/lib/thumb/v7e-m+fp/hard/libm.a(lib_a-ef_sqrt.o)
                0x000000000800a23c                __ieee754_sqrtf
 *fill*         0x000000000800a244        0x4 
 .text.atan     0x000000000800a248      0x368 /usr/local/gcc-arm-none-eabi-9-2019-q4-major/bin/../lib/gcc/arm-none-eabi/9.2.1/../../../../arm-none-eabi/lib/thumb/v7e-m+fp/hard/libm.a(lib_a-s_atan.o)
                0x000000000800a248                atan
 .text.fabs     0x000000000800a5b0       0x14 /usr/local/gcc-arm-none-eabi-9-2019-q4-major/bin/../lib/gcc/arm-none-eabi/9.2.1/../../../../arm-none-eabi/lib/thumb/v7e-m+fp/hard/libm.a(lib_a-s_fabs.o)
                0x000000000800a5b0                fabs
 .text.matherr  0x000000000800a5c4        0x4 /usr/local/gcc-arm-none-eabi-9-2019-q4-major/bin/../lib/gcc/arm-none-eabi/9.2.1/../../../../arm-none-eabi/lib/thumb/v7e-m+fp/hard/libm.a(lib_a-s_matherr.o)
                0x000000000800a5c4                matherr
 .text._sbrk    0x000000000800a5c8       0x1c /usr/local/gcc-arm-none-eabi-9-2019-q4-major/bin/../lib/gcc/arm-none-eabi/9.2.1/../../../../arm-none-eabi/lib/thumb/v7e-m+fp/hard/libnosys.a(sbrk.o)
                0x000000000800a5c8                _sbrk
 .text.arm_fir_init_f32
                0x000000000800a5e4       0x24 /Users/daniel/STM32Cube/Repository/STM32Cube_FW_F4_V1.26.1/Drivers/CMSIS/Lib/GCC/libarm_cortexM4lf_math.a(arm_fir_init_f32.o)
                0x000000000800a5e4                arm_fir_init_f32
 .text.arm_fir_f32
                0x000000000800a608      0x4c8 /Users/daniel/STM32Cube/Repository/STM32Cube_FW_F4_V1.26.1/Drivers/CMSIS/Lib/GCC/libarm_cortexM4lf_math.a(arm_fir_f32.o)
                0x000000000800a608                arm_fir_f32
 .text.__errno  0x000000000800aad0        0xc /usr/local/gcc-arm-none-eabi-9-2019-q4-major/bin/../lib/gcc/arm-none-eabi/9.2.1/../../../../arm-none-eabi/lib/thumb/v7e-m+fp/hard/libc_nano.a(lib_a-errno.o)
                0x000000000800aad0                __errno
 *(.glue_7)
 .glue_7        0x000000000800aadc        0x0 linker stubs
 *(.glue_7t)
 .glue_7t       0x000000000800aadc        0x0 linker stubs
 *(.eh_frame)
 .eh_frame      0x000000000800aadc        0x0 /usr/local/gcc-arm-none-eabi-9-2019-q4-major/bin/../lib/gcc/arm-none-eabi/9.2.1/thumb/v7e-m+fp/hard/crtbegin.o
 *(.init)
 .init          0x000000000800aadc        0x4 /usr/local/gcc-arm-none-eabi-9-2019-q4-major/bin/../lib/gcc/arm-none-eabi/9.2.1/thumb/v7e-m+fp/hard/crti.o
                0x000000000800aadc                _init
 .init          0x000000000800aae0        0x8 /usr/local/gcc-arm-none-eabi-9-2019-q4-major/bin/../lib/gcc/arm-none-eabi/9.2.1/thumb/v7e-m+fp/hard/crtn.o
 *(.fini)
 .fini          0x000000000800aae8        0x4 /usr/local/gcc-arm-none-eabi-9-2019-q4-major/bin/../lib/gcc/arm-none-eabi/9.2.1/thumb/v7e-m+fp/hard/crti.o
                0x000000000800aae8                _fini
 .fini          0x000000000800aaec        0x8 /usr/local/gcc-arm-none-eabi-9-2019-q4-major/bin/../lib/gcc/arm-none-eabi/9.2.1/thumb/v7e-m+fp/hard/crtn.o
                0x000000000800aaf4                . = ALIGN (0x4)
                0x000000000800aaf4                _etext = .

.vfp11_veneer   0x000000000800aaf4        0x0
 .vfp11_veneer  0x000000000800aaf4        0x0 linker stubs

.v4_bx          0x000000000800aaf4        0x0
 .v4_bx         0x000000000800aaf4        0x0 linker stubs

.iplt           0x000000000800aaf4        0x0
 .iplt          0x000000000800aaf4        0x0 /usr/local/gcc-arm-none-eabi-9-2019-q4-major/bin/../lib/gcc/arm-none-eabi/9.2.1/thumb/v7e-m+fp/hard/crtbegin.o

.rodata         0x000000000800aaf8      0xf20
                0x000000000800aaf8                . = ALIGN (0x4)
 *(.rodata)
 .rodata        0x000000000800aaf8        0xc /usr/local/gcc-arm-none-eabi-9-2019-q4-major/bin/../lib/gcc/arm-none-eabi/9.2.1/../../../../arm-none-eabi/lib/thumb/v7e-m+fp/hard/libc_nano.a(lib_a-nano-vfscanf_i.o)
 *(.rodata*)
 .rodata.unDock.str1.4
                0x000000000800ab04       0x1c build/main.o
 .rodata.cutterON.str1.4
                0x000000000800ab20       0x12 build/main.o
 *fill*         0x000000000800ab32        0x2 
 .rodata.ChargerConnected.str1.4
                0x000000000800ab34       0x59 build/main.o
 *fill*         0x000000000800ab8d        0x3 
 .rodata.CheckVoltage.str1.4
                0x000000000800ab90       0x30 build/main.o
 .rodata.SendInfo.str1.4
                0x000000000800abc0      0x13f build/main.o
                                        0x14b (size before relaxing)
 *fill*         0x000000000800acff        0x1 
 .rodata.parseCommand_RPI.str1.4
                0x000000000800ad00       0x5f build/main.o
 *fill*         0x000000000800ad5f        0x1 
 .rodata.parseCommand_Console.str1.4
                0x000000000800ad60      0x989 build/main.o
                                        0x991 (size before relaxing)
 *fill*         0x000000000800b6e9        0x3 
 .rodata.reInitIMU.str1.4
                0x000000000800b6ec        0xd build/main.o
 *fill*         0x000000000800b6f9        0x3 
 .rodata.CheckState.str1.4
                0x000000000800b6fc       0x8b build/main.o
 *fill*         0x000000000800b787        0x1 
 .rodata.main.str1.4
                0x000000000800b788       0x34 build/main.o
 .rodata.VERSION
                0x000000000800b7bc        0xe build/main.o
 *fill*         0x000000000800b7ca        0x2 
 .rodata.flagBitshiftOffset.9314
                0x000000000800b7cc        0x8 build/stm32f4xx_hal_dma.o
 .rodata.AHBPrescTable
                0x000000000800b7d4       0x10 build/system_stm32f4xx.o
                0x000000000800b7d4                AHBPrescTable
 .rodata.APBPrescTable
                0x000000000800b7e4        0x8 build/system_stm32f4xx.o
                0x000000000800b7e4                APBPrescTable
 .rodata._ctype_
                0x000000000800b7ec      0x101 /usr/local/gcc-arm-none-eabi-9-2019-q4-major/bin/../lib/gcc/arm-none-eabi/9.2.1/../../../../arm-none-eabi/lib/thumb/v7e-m+fp/hard/libc_nano.a(lib_a-ctype_.o)
                0x000000000800b7ec                _ctype_
 .rodata._svfprintf_r.str1.1
                0x000000000800b8ed       0x11 /usr/local/gcc-arm-none-eabi-9-2019-q4-major/bin/../lib/gcc/arm-none-eabi/9.2.1/../../../../arm-none-eabi/lib/thumb/v7e-m+fp/hard/libc_nano.a(lib_a-nano-svfprintf.o)
 .rodata.__ssvfscanf_r.str1.1
                0x000000000800b8fe        0x4 /usr/local/gcc-arm-none-eabi-9-2019-q4-major/bin/../lib/gcc/arm-none-eabi/9.2.1/../../../../arm-none-eabi/lib/thumb/v7e-m+fp/hard/libc_nano.a(lib_a-nano-svfscanf.o)
 .rodata._printf_i.str1.1
                0x000000000800b8fe       0x22 /usr/local/gcc-arm-none-eabi-9-2019-q4-major/bin/../lib/gcc/arm-none-eabi/9.2.1/../../../../arm-none-eabi/lib/thumb/v7e-m+fp/hard/libc_nano.a(lib_a-nano-vfprintf_i.o)
 .rodata.str1.1
                0x000000000800b920        0x9 /usr/local/gcc-arm-none-eabi-9-2019-q4-major/bin/../lib/gcc/arm-none-eabi/9.2.1/../../../../arm-none-eabi/lib/thumb/v7e-m+fp/hard/libc_nano.a(lib_a-nano-vfscanf_i.o)
 .rodata._scanf_i.str1.1
                0x000000000800b929       0x12 /usr/local/gcc-arm-none-eabi-9-2019-q4-major/bin/../lib/gcc/arm-none-eabi/9.2.1/../../../../arm-none-eabi/lib/thumb/v7e-m+fp/hard/libc_nano.a(lib_a-nano-vfscanf_i.o)
 *fill*         0x000000000800b93b        0x1 
 .rodata.__sf_fake_stderr
                0x000000000800b93c       0x20 /usr/local/gcc-arm-none-eabi-9-2019-q4-major/bin/../lib/gcc/arm-none-eabi/9.2.1/../../../../arm-none-eabi/lib/thumb/v7e-m+fp/hard/libc_nano.a(lib_a-findfp.o)
                0x000000000800b93c                __sf_fake_stderr
 .rodata.__sf_fake_stdin
                0x000000000800b95c       0x20 /usr/local/gcc-arm-none-eabi-9-2019-q4-major/bin/../lib/gcc/arm-none-eabi/9.2.1/../../../../arm-none-eabi/lib/thumb/v7e-m+fp/hard/libc_nano.a(lib_a-findfp.o)
                0x000000000800b95c                __sf_fake_stdin
 .rodata.__sf_fake_stdout
                0x000000000800b97c       0x20 /usr/local/gcc-arm-none-eabi-9-2019-q4-major/bin/../lib/gcc/arm-none-eabi/9.2.1/../../../../arm-none-eabi/lib/thumb/v7e-m+fp/hard/libc_nano.a(lib_a-findfp.o)
                0x000000000800b97c                __sf_fake_stdout
 .rodata.sqrtf.str1.4
                0x000000000800b99c        0x6 /usr/local/gcc-arm-none-eabi-9-2019-q4-major/bin/../lib/gcc/arm-none-eabi/9.2.1/../../../../arm-none-eabi/lib/thumb/v7e-m+fp/hard/libm.a(lib_a-wf_sqrt.o)
 *fill*         0x000000000800b9a2        0x6 
 .rodata.CSWTCH.8
                0x000000000800b9a8       0x18 /usr/local/gcc-arm-none-eabi-9-2019-q4-major/bin/../lib/gcc/arm-none-eabi/9.2.1/../../../../arm-none-eabi/lib/thumb/v7e-m+fp/hard/libm.a(lib_a-e_atan2.o)
 .rodata.CSWTCH.9
                0x000000000800b9c0       0x18 /usr/local/gcc-arm-none-eabi-9-2019-q4-major/bin/../lib/gcc/arm-none-eabi/9.2.1/../../../../arm-none-eabi/lib/thumb/v7e-m+fp/hard/libm.a(lib_a-e_atan2.o)
 .rodata.atanhi
                0x000000000800b9d8       0x20 /usr/local/gcc-arm-none-eabi-9-2019-q4-major/bin/../lib/gcc/arm-none-eabi/9.2.1/../../../../arm-none-eabi/lib/thumb/v7e-m+fp/hard/libm.a(lib_a-s_atan.o)
 .rodata.atanlo
                0x000000000800b9f8       0x20 /usr/local/gcc-arm-none-eabi-9-2019-q4-major/bin/../lib/gcc/arm-none-eabi/9.2.1/../../../../arm-none-eabi/lib/thumb/v7e-m+fp/hard/libm.a(lib_a-s_atan.o)
                0x000000000800ba18                . = ALIGN (0x4)

.ARM.extab
 *(.ARM.extab* .gnu.linkonce.armextab.*)

.ARM            0x000000000800ba18        0x8
                0x000000000800ba18                __exidx_start = .
 *(.ARM.exidx*)
 .ARM.exidx     0x000000000800ba18        0x8 /usr/local/gcc-arm-none-eabi-9-2019-q4-major/bin/../lib/gcc/arm-none-eabi/9.2.1/thumb/v7e-m+fp/hard/libgcc.a(_udivmoddi4.o)
                0x000000000800ba20                __exidx_end = .

.rel.dyn        0x000000000800ba20        0x0
 .rel.iplt      0x000000000800ba20        0x0 /usr/local/gcc-arm-none-eabi-9-2019-q4-major/bin/../lib/gcc/arm-none-eabi/9.2.1/thumb/v7e-m+fp/hard/crtbegin.o

.preinit_array  0x000000000800ba20        0x0
                0x000000000800ba20                PROVIDE (__preinit_array_start = .)
 *(.preinit_array*)
                0x000000000800ba20                PROVIDE (__preinit_array_end = .)

.init_array     0x000000000800ba20        0x4
                0x000000000800ba20                PROVIDE (__init_array_start = .)
 *(SORT_BY_NAME(.init_array.*))
 *(.init_array*)
 .init_array    0x000000000800ba20        0x4 /usr/local/gcc-arm-none-eabi-9-2019-q4-major/bin/../lib/gcc/arm-none-eabi/9.2.1/thumb/v7e-m+fp/hard/crtbegin.o
                0x000000000800ba24                PROVIDE (__init_array_end = .)

.fini_array     0x000000000800ba24        0x4
                [!provide]                        PROVIDE (__fini_array_start = .)
 *(SORT_BY_NAME(.fini_array.*))
 *(.fini_array*)
 .fini_array    0x000000000800ba24        0x4 /usr/local/gcc-arm-none-eabi-9-2019-q4-major/bin/../lib/gcc/arm-none-eabi/9.2.1/thumb/v7e-m+fp/hard/crtbegin.o
                [!provide]                        PROVIDE (__fini_array_end = .)
                0x000000000800ba28                _sidata = LOADADDR (.data)

.data           0x0000000020000000      0x234 load address 0x000000000800ba28
                0x0000000020000000                . = ALIGN (0x4)
                0x0000000020000000                _sdata = .
 *(.data)
 *(.data*)
 .data.Boundary_Timeout
                0x0000000020000000        0x1 build/main.o
                0x0000000020000000                Boundary_Timeout
 .data.Channel  0x0000000020000001        0x1 build/main.o
                0x0000000020000001                Channel
 *fill*         0x0000000020000002        0x2 
 .data.Cutter_Limit
                0x0000000020000004        0x4 build/main.o
                0x0000000020000004                Cutter_Limit
 .data.HoldChargeDetection
                0x0000000020000008        0x2 build/main.o
                0x0000000020000008                HoldChargeDetection
 .data.MasterSwitch
                0x000000002000000a        0x1 build/main.o
                0x000000002000000a                MasterSwitch
 .data.MotorSpeedUpdateFreq
                0x000000002000000b        0x1 build/main.o
                0x000000002000000b                MotorSpeedUpdateFreq
 .data.Motor_Limit
                0x000000002000000c        0x4 build/main.o
                0x000000002000000c                Motor_Limit
 .data.Outside_Threshold
                0x0000000020000010        0x1 build/main.o
                0x0000000020000010                Outside_Threshold
 .data.Overturn_Limit
                0x0000000020000011        0x1 build/main.o
                0x0000000020000011                Overturn_Limit
 *fill*         0x0000000020000012        0x2 
 .data.Signal_Integrity_IN
                0x0000000020000014        0x4 build/main.o
                0x0000000020000014                Signal_Integrity_IN
 .data.Signal_Integrity_OUT
                0x0000000020000018        0x4 build/main.o
                0x0000000020000018                Signal_Integrity_OUT
 .data.Voltage  0x000000002000001c        0x4 build/main.o
                0x000000002000001c                Voltage
 .data.WorkingHourEnd
                0x0000000020000020        0x1 build/main.o
                0x0000000020000020                WorkingHourEnd
 .data.WorkingHourStart
                0x0000000020000021        0x1 build/main.o
                0x0000000020000021                WorkingHourStart
 *fill*         0x0000000020000022        0x2 
 .data.firCoeffs32
                0x0000000020000024       0x14 build/main.o
 .data.kd       0x0000000020000038        0x4 build/main.o
                0x0000000020000038                kd
 .data.kp       0x000000002000003c        0x4 build/main.o
                0x000000002000003c                kp
 .data.validSignature
                0x0000000020000040      0x180 build/main.o
                0x0000000020000040                validSignature
 .data.uwTickFreq
                0x00000000200001c0        0x1 build/stm32f4xx_hal.o
                0x00000000200001c0                uwTickFreq
 *fill*         0x00000000200001c1        0x3 
 .data.uwTickPrio
                0x00000000200001c4        0x4 build/stm32f4xx_hal.o
                0x00000000200001c4                uwTickPrio
 .data.SystemCoreClock
                0x00000000200001c8        0x4 build/system_stm32f4xx.o
                0x00000000200001c8                SystemCoreClock
 .data._impure_ptr
                0x00000000200001cc        0x4 /usr/local/gcc-arm-none-eabi-9-2019-q4-major/bin/../lib/gcc/arm-none-eabi/9.2.1/../../../../arm-none-eabi/lib/thumb/v7e-m+fp/hard/libc_nano.a(lib_a-impure.o)
                0x00000000200001cc                _impure_ptr
 .data.impure_data
                0x00000000200001d0       0x60 /usr/local/gcc-arm-none-eabi-9-2019-q4-major/bin/../lib/gcc/arm-none-eabi/9.2.1/../../../../arm-none-eabi/lib/thumb/v7e-m+fp/hard/libc_nano.a(lib_a-impure.o)
 .data.__fdlib_version
                0x0000000020000230        0x1 /usr/local/gcc-arm-none-eabi-9-2019-q4-major/bin/../lib/gcc/arm-none-eabi/9.2.1/../../../../arm-none-eabi/lib/thumb/v7e-m+fp/hard/libm.a(lib_a-s_lib_ver.o)
                0x0000000020000230                __fdlib_version
                0x0000000020000234                . = ALIGN (0x4)
 *fill*         0x0000000020000231        0x3 
                0x0000000020000234                _edata = .
                0x000000000800bc5c                _siccmram = LOADADDR (.ccmram)

.igot.plt       0x0000000020000234        0x0 load address 0x000000000800bc5c
 .igot.plt      0x0000000020000234        0x0 /usr/local/gcc-arm-none-eabi-9-2019-q4-major/bin/../lib/gcc/arm-none-eabi/9.2.1/thumb/v7e-m+fp/hard/crtbegin.o

.ccmram         0x0000000010000000        0x0 load address 0x000000000800bc5c
                0x0000000010000000                . = ALIGN (0x4)
                0x0000000010000000                _sccmram = .
 *(.ccmram)
 *(.ccmram*)
                0x0000000010000000                . = ALIGN (0x4)
                0x0000000010000000                _eccmram = .
                0x0000000010000000                . = ALIGN (0x4)

.bss            0x0000000020000238     0x1c4c
                0x0000000020000238                _sbss = .
                0x0000000020000238                __bss_start__ = _sbss
 *(.bss)
 .bss           0x0000000020000238       0x1c /usr/local/gcc-arm-none-eabi-9-2019-q4-major/bin/../lib/gcc/arm-none-eabi/9.2.1/thumb/v7e-m+fp/hard/crtbegin.o
 *(.bss*)
 .bss.ADC_timer
                0x0000000020000254        0x4 build/main.o
                0x0000000020000254                ADC_timer
 .bss.AVOID_FRONT
                0x0000000020000258        0x1 build/main.o
                0x0000000020000258                AVOID_FRONT
 .bss.AVOID_LEFT
                0x0000000020000259        0x1 build/main.o
                0x0000000020000259                AVOID_LEFT
 .bss.AVOID_RIGHT
                0x000000002000025a        0x1 build/main.o
                0x000000002000025a                AVOID_RIGHT
 *fill*         0x000000002000025b        0x1 
 .bss.Accel_X_RAW
                0x000000002000025c        0x2 build/main.o
                0x000000002000025c                Accel_X_RAW
 .bss.Accel_Y_RAW
                0x000000002000025e        0x2 build/main.o
                0x000000002000025e                Accel_Y_RAW
 .bss.Accel_Z_RAW
                0x0000000020000260        0x2 build/main.o
                0x0000000020000260                Accel_Z_RAW
 .bss.BWF1_Status
                0x0000000020000262        0x1 build/main.o
                0x0000000020000262                BWF1_Status
 .bss.BWF2_Status
                0x0000000020000263        0x1 build/main.o
                0x0000000020000263                BWF2_Status
 .bss.Battery_Ready
                0x0000000020000264        0x1 build/main.o
                0x0000000020000264                Battery_Ready
 *fill*         0x0000000020000265        0x3 
 .bss.C1_Value  0x0000000020000268        0x4 build/main.o
                0x0000000020000268                C1_Value
 .bss.C1_amp    0x000000002000026c        0x4 build/main.o
                0x000000002000026c                C1_amp
 .bss.C1_error  0x0000000020000270        0x4 build/main.o
                0x0000000020000270                C1_error
 .bss.C1_idx    0x0000000020000274        0x1 build/main.o
                0x0000000020000274                C1_idx
 .bss.Channel_Status
                0x0000000020000275        0x1 build/main.o
                0x0000000020000275                Channel_Status
 .bss.ChargerConnect
                0x0000000020000276        0x1 build/main.o
                0x0000000020000276                ChargerConnect
 .bss.DEBUG_RAZORBOARD
                0x0000000020000277        0x1 build/main.o
                0x0000000020000277                DEBUG_RAZORBOARD
 .bss.Docked    0x0000000020000278        0x1 build/main.o
                0x0000000020000278                Docked
 .bss.Force_Active
                0x0000000020000279        0x1 build/main.o
                0x0000000020000279                Force_Active
 .bss.Gyro_X_RAW
                0x000000002000027a        0x2 build/main.o
                0x000000002000027a                Gyro_X_RAW
 .bss.Gyro_Y_RAW
                0x000000002000027c        0x2 build/main.o
                0x000000002000027c                Gyro_Y_RAW
 .bss.Gyro_Z_RAW
                0x000000002000027e        0x2 build/main.o
                0x000000002000027e                Gyro_Z_RAW
 .bss.IMU_timer
                0x0000000020000280        0x4 build/main.o
                0x0000000020000280                IMU_timer
 .bss.Initial_Start
                0x0000000020000284        0x1 build/main.o
                0x0000000020000284                Initial_Start
 .bss.LastState
                0x0000000020000285        0x1 build/main.o
                0x0000000020000285                LastState
 *fill*         0x0000000020000286        0x2 
 .bss.M1_F      0x0000000020000288        0x4 build/main.o
                0x0000000020000288                M1_F
 .bss.M1_Value  0x000000002000028c        0x4 build/main.o
                0x000000002000028c                M1_Value
 .bss.M1_error  0x0000000020000290        0x4 build/main.o
                0x0000000020000290                M1_error
 .bss.M1_idx    0x0000000020000294        0x1 build/main.o
                0x0000000020000294                M1_idx
 *fill*         0x0000000020000295        0x3 
 .bss.M2_F      0x0000000020000298        0x4 build/main.o
                0x0000000020000298                M2_F
 .bss.M2_Value  0x000000002000029c        0x4 build/main.o
                0x000000002000029c                M2_Value
 .bss.M2_error  0x00000000200002a0        0x4 build/main.o
                0x00000000200002a0                M2_error
 .bss.M2_idx    0x00000000200002a4        0x1 build/main.o
                0x00000000200002a4                M2_idx
 *fill*         0x00000000200002a5        0x3 
 .bss.MotorSpeedUpdateFreq_timer
                0x00000000200002a8        0x4 build/main.o
                0x00000000200002a8                MotorSpeedUpdateFreq_timer
 .bss.OUTSIDE_timer
                0x00000000200002ac        0x4 build/main.o
                0x00000000200002ac                OUTSIDE_timer
 .bss.Output    0x00000000200002b0      0x400 build/main.o
 .bss.Security  0x00000000200006b0        0x1 build/main.o
                0x00000000200006b0                Security
 .bss.SendInfoStatus
                0x00000000200006b1        0x1 build/main.o
                0x00000000200006b1                SendInfoStatus
 .bss.Signature_Record
                0x00000000200006b2        0x1 build/main.o
                0x00000000200006b2                Signature_Record
 *fill*         0x00000000200006b3        0x1 
 .bss.Start_Threshold
                0x00000000200006b4        0x2 build/main.o
                0x00000000200006b4                Start_Threshold
 .bss.State     0x00000000200006b6        0x1 build/main.o
                0x00000000200006b6                State
 *fill*         0x00000000200006b7        0x1 
 .bss.SysMemBootJump
                0x00000000200006b8        0x4 build/main.o
 *fill*         0x00000000200006bc        0x4 
 .bss.Tick1     0x00000000200006c0        0x8 build/main.o
                0x00000000200006c0                Tick1
 .bss.Tick2     0x00000000200006c8        0x8 build/main.o
                0x00000000200006c8                Tick2
 .bss.UART1_ready
                0x00000000200006d0        0x1 build/main.o
                0x00000000200006d0                UART1_ready
 .bss.UART2_ready
                0x00000000200006d1        0x1 build/main.o
                0x00000000200006d1                UART2_ready
 *fill*         0x00000000200006d2        0x2 
 .bss.V1_Value  0x00000000200006d4        0x4 build/main.o
                0x00000000200006d4                V1_Value
 .bss.bwf1_inside
                0x00000000200006d8        0x4 build/main.o
                0x00000000200006d8                bwf1_inside
 .bss.bwf1_outside
                0x00000000200006dc        0x4 build/main.o
                0x00000000200006dc                bwf1_outside
 .bss.bwf2_inside
                0x00000000200006e0        0x4 build/main.o
                0x00000000200006e0                bwf2_inside
 .bss.bwf2_outside
                0x00000000200006e4        0x4 build/main.o
                0x00000000200006e4                bwf2_outside
 .bss.cumError  0x00000000200006e8        0x8 build/main.o
                0x00000000200006e8                cumError
 .bss.cutterStatus
                0x00000000200006f0        0x1 build/main.o
                0x00000000200006f0                cutterStatus
 *fill*         0x00000000200006f1        0x7 
 .bss.elapsedTime
                0x00000000200006f8        0x8 build/main.o
                0x00000000200006f8                elapsedTime
 .bss.error     0x0000000020000700        0x8 build/main.o
                0x0000000020000700                error
 .bss.firStateF32
                0x0000000020000708       0x90 build/main.o
 .bss.heading   0x0000000020000798        0x4 build/main.o
                0x0000000020000798                heading
 .bss.hold_heading
                0x000000002000079c        0x4 build/main.o
                0x000000002000079c                hold_heading
 .bss.ki        0x00000000200007a0        0x4 build/main.o
                0x00000000200007a0                ki
 *fill*         0x00000000200007a4        0x4 
 .bss.lastError
                0x00000000200007a8        0x8 build/main.o
                0x00000000200007a8                lastError
 .bss.perimeterTracking
                0x00000000200007b0        0x1 build/main.o
                0x00000000200007b0                perimeterTracking
 .bss.perimeterTrackingActive
                0x00000000200007b1        0x1 build/main.o
                0x00000000200007b1                perimeterTrackingActive
 *fill*         0x00000000200007b2        0x2 
 .bss.pitch     0x00000000200007b4        0x4 build/main.o
                0x00000000200007b4                pitch
 .bss.pitch_error
                0x00000000200007b8        0x4 build/main.o
                0x00000000200007b8                pitch_error
 .bss.pitch_limit
                0x00000000200007bc       0x50 build/main.o
                0x00000000200007bc                pitch_limit
 .bss.pitch_limit_idx
                0x000000002000080c        0x1 build/main.o
                0x000000002000080c                pitch_limit_idx
 *fill*         0x000000002000080d        0x3 
 .bss.previousTime
                0x0000000020000810        0x8 build/main.o
                0x0000000020000810                previousTime
 .bss.rateError
                0x0000000020000818        0x8 build/main.o
                0x0000000020000818                rateError
 .bss.roll      0x0000000020000820        0x4 build/main.o
                0x0000000020000820                roll
 .bss.roll_error
                0x0000000020000824        0x4 build/main.o
                0x0000000020000824                roll_error
 .bss.roll_limit
                0x0000000020000828       0x50 build/main.o
                0x0000000020000828                roll_limit
 .bss.roll_limit_idx
                0x0000000020000878        0x1 build/main.o
                0x0000000020000878                roll_limit_idx
 *fill*         0x0000000020000879        0x3 
 .bss.yaw       0x000000002000087c        0x4 build/main.o
                0x000000002000087c                yaw
 .bss.yaw_error
                0x0000000020000880        0x4 build/main.o
                0x0000000020000880                yaw_error
 .bss.__malloc_free_list
                0x0000000020000884        0x4 /usr/local/gcc-arm-none-eabi-9-2019-q4-major/bin/../lib/gcc/arm-none-eabi/9.2.1/../../../../arm-none-eabi/lib/thumb/v7e-m+fp/hard/libc_nano.a(lib_a-nano-mallocr.o)
                0x0000000020000884                __malloc_free_list
 .bss.__malloc_sbrk_start
                0x0000000020000888        0x4 /usr/local/gcc-arm-none-eabi-9-2019-q4-major/bin/../lib/gcc/arm-none-eabi/9.2.1/../../../../arm-none-eabi/lib/thumb/v7e-m+fp/hard/libc_nano.a(lib_a-nano-mallocr.o)
                0x0000000020000888                __malloc_sbrk_start
 .bss.heap_end.5507
                0x000000002000088c        0x4 /usr/local/gcc-arm-none-eabi-9-2019-q4-major/bin/../lib/gcc/arm-none-eabi/9.2.1/../../../../arm-none-eabi/lib/thumb/v7e-m+fp/hard/libnosys.a(sbrk.o)
 *(COMMON)
 COMMON         0x0000000020000890     0x15e0 build/main.o
                0x0000000020000890                C1_force
                0x00000000200008e0                Gx
                0x00000000200008e4                hdma_usart2_rx
                0x0000000020000944                M2_force
                0x0000000020000994                M1_force
                0x00000000200009e4                M1_amp
                0x00000000200009e8                raw_pitch
                0x00000000200009ec                htim4
                0x0000000020000a34                hi2c1
                0x0000000020000a88                hiwdg
                0x0000000020000a94                hi2c2
                0x0000000020000ae8                msg
                0x0000000020000b2c                BWF2
                0x0000000020000f2c                ConsoleBuffer
                0x0000000020000f6c                htim5
                0x0000000020000fb4                Boundary_Timer
                0x0000000020000fb8                S
                0x0000000020000fc4                htim3
                0x000000002000100c                Ay
                0x0000000020001010                Gy
                0x0000000020001014                hadc1
                0x000000002000105c                ADC_BUFFER
                0x000000002000145c                hdma_usart1_rx
                0x00000000200014bc                ADCADC
                0x00000000200018bc                huart1
                0x0000000020001900                hdma_adc1
                0x0000000020001960                hrtc
                0x0000000020001980                Ax
                0x0000000020001984                BWF1
                0x0000000020001d84                PIBuffer
                0x0000000020001dc4                hrng
                0x0000000020001dd4                Az
                0x0000000020001dd8                htim2
                0x0000000020001e20                huart2
                0x0000000020001e64                M2_amp
                0x0000000020001e68                Gz
                0x0000000020001e6c                raw_roll
 COMMON         0x0000000020001e70        0x4 build/stm32f4xx_hal.o
                0x0000000020001e70                uwTick
 COMMON         0x0000000020001e74        0x4 /usr/local/gcc-arm-none-eabi-9-2019-q4-major/bin/../lib/gcc/arm-none-eabi/9.2.1/../../../../arm-none-eabi/lib/thumb/v7e-m+fp/hard/libc_nano.a(lib_a-reent.o)
                0x0000000020001e74                errno
 COMMON         0x0000000020001e78        0x9 /usr/local/gcc-arm-none-eabi-9-2019-q4-major/bin/../lib/gcc/arm-none-eabi/9.2.1/../../../../arm-none-eabi/lib/thumb/v7e-m+fp/hard/libc_nano.a(lib_a-lock.o)
                0x0000000020001e78                __lock___atexit_recursive_mutex
                0x0000000020001e79                __lock___arc4random_mutex
                0x0000000020001e7a                __lock___env_recursive_mutex
                0x0000000020001e7b                __lock___sinit_recursive_mutex
                0x0000000020001e7c                __lock___malloc_recursive_mutex
                0x0000000020001e7d                __lock___at_quick_exit_mutex
                0x0000000020001e7e                __lock___dd_hash_mutex
                0x0000000020001e7f                __lock___tz_mutex
                0x0000000020001e80                __lock___sfp_recursive_mutex
                0x0000000020001e84                . = ALIGN (0x4)
 *fill*         0x0000000020001e81        0x3 
                0x0000000020001e84                _ebss = .
                0x0000000020001e84                __bss_end__ = _ebss

._user_heap_stack
                0x0000000020001e84      0x604
                0x0000000020001e88                . = ALIGN (0x8)
 *fill*         0x0000000020001e84        0x4 
                0x0000000020001e88                PROVIDE (end = .)
                [!provide]                        PROVIDE (_end = .)
                0x0000000020002088                . = (. + _Min_Heap_Size)
 *fill*         0x0000000020001e88      0x200 
                0x0000000020002488                . = (. + _Min_Stack_Size)
 *fill*         0x0000000020002088      0x400 
                0x0000000020002488                . = ALIGN (0x8)

/DISCARD/
 libc.a(*)
 libm.a(*)
 libgcc.a(*)

.ARM.attributes
                0x0000000000000000       0x30
 *(.ARM.attributes)
 .ARM.attributes
                0x0000000000000000       0x1e /usr/local/gcc-arm-none-eabi-9-2019-q4-major/bin/../lib/gcc/arm-none-eabi/9.2.1/thumb/v7e-m+fp/hard/crti.o
 .ARM.attributes
                0x000000000000001e       0x34 /usr/local/gcc-arm-none-eabi-9-2019-q4-major/bin/../lib/gcc/arm-none-eabi/9.2.1/thumb/v7e-m+fp/hard/crtbegin.o
 .ARM.attributes
                0x0000000000000052       0x34 build/main.o
 .ARM.attributes
                0x0000000000000086       0x34 build/stm32f4xx_it.o
 .ARM.attributes
                0x00000000000000ba       0x34 build/stm32f4xx_hal_msp.o
 .ARM.attributes
                0x00000000000000ee       0x34 build/stm32f4xx_hal_adc.o
 .ARM.attributes
                0x0000000000000122       0x34 build/stm32f4xx_hal_adc_ex.o
 .ARM.attributes
                0x0000000000000156       0x34 build/stm32f4xx_hal_rcc.o
 .ARM.attributes
                0x000000000000018a       0x34 build/stm32f4xx_hal_rcc_ex.o
 .ARM.attributes
                0x00000000000001be       0x34 build/stm32f4xx_hal_gpio.o
 .ARM.attributes
                0x00000000000001f2       0x34 build/stm32f4xx_hal_dma.o
 .ARM.attributes
                0x0000000000000226       0x34 build/stm32f4xx_hal_cortex.o
 .ARM.attributes
                0x000000000000025a       0x34 build/stm32f4xx_hal.o
 .ARM.attributes
                0x000000000000028e       0x34 build/stm32f4xx_hal_i2c.o
 .ARM.attributes
                0x00000000000002c2       0x34 build/stm32f4xx_hal_iwdg.o
 .ARM.attributes
                0x00000000000002f6       0x34 build/stm32f4xx_hal_rng.o
 .ARM.attributes
                0x000000000000032a       0x34 build/stm32f4xx_hal_rtc.o
 .ARM.attributes
                0x000000000000035e       0x34 build/stm32f4xx_hal_tim.o
 .ARM.attributes
                0x0000000000000392       0x34 build/stm32f4xx_hal_tim_ex.o
 .ARM.attributes
                0x00000000000003c6       0x34 build/stm32f4xx_hal_uart.o
 .ARM.attributes
                0x00000000000003fa       0x34 build/system_stm32f4xx.o
 .ARM.attributes
                0x000000000000042e       0x21 build/startup_stm32f415xx.o
 .ARM.attributes
                0x000000000000044f       0x32 /usr/local/gcc-arm-none-eabi-9-2019-q4-major/bin/../lib/gcc/arm-none-eabi/9.2.1/../../../../arm-none-eabi/lib/thumb/v7e-m+fp/hard/libc_nano.a(lib_a-ctype_.o)
 .ARM.attributes
                0x0000000000000481       0x32 /usr/local/gcc-arm-none-eabi-9-2019-q4-major/bin/../lib/gcc/arm-none-eabi/9.2.1/../../../../arm-none-eabi/lib/thumb/v7e-m+fp/hard/libc_nano.a(lib_a-impure.o)
 .ARM.attributes
                0x00000000000004b3       0x34 /usr/local/gcc-arm-none-eabi-9-2019-q4-major/bin/../lib/gcc/arm-none-eabi/9.2.1/../../../../arm-none-eabi/lib/thumb/v7e-m+fp/hard/libc_nano.a(lib_a-init.o)
 .ARM.attributes
                0x00000000000004e7       0x34 /usr/local/gcc-arm-none-eabi-9-2019-q4-major/bin/../lib/gcc/arm-none-eabi/9.2.1/../../../../arm-none-eabi/lib/thumb/v7e-m+fp/hard/libc_nano.a(lib_a-memcpy-stub.o)
 .ARM.attributes
                0x000000000000051b       0x34 /usr/local/gcc-arm-none-eabi-9-2019-q4-major/bin/../lib/gcc/arm-none-eabi/9.2.1/../../../../arm-none-eabi/lib/thumb/v7e-m+fp/hard/libc_nano.a(lib_a-memset.o)
 .ARM.attributes
                0x000000000000054f       0x34 /usr/local/gcc-arm-none-eabi-9-2019-q4-major/bin/../lib/gcc/arm-none-eabi/9.2.1/../../../../arm-none-eabi/lib/thumb/v7e-m+fp/hard/libc_nano.a(lib_a-sprintf.o)
 .ARM.attributes
                0x0000000000000583       0x34 /usr/local/gcc-arm-none-eabi-9-2019-q4-major/bin/../lib/gcc/arm-none-eabi/9.2.1/../../../../arm-none-eabi/lib/thumb/v7e-m+fp/hard/libc_nano.a(lib_a-sscanf.o)
 .ARM.attributes
                0x00000000000005b7       0x34 /usr/local/gcc-arm-none-eabi-9-2019-q4-major/bin/../lib/gcc/arm-none-eabi/9.2.1/../../../../arm-none-eabi/lib/thumb/v7e-m+fp/hard/libc_nano.a(lib_a-stdio.o)
 .ARM.attributes
                0x00000000000005eb       0x1c /usr/local/gcc-arm-none-eabi-9-2019-q4-major/bin/../lib/gcc/arm-none-eabi/9.2.1/../../../../arm-none-eabi/lib/thumb/v7e-m+fp/hard/libc_nano.a(lib_a-strcmp.o)
 .ARM.attributes
                0x0000000000000607       0x17 /usr/local/gcc-arm-none-eabi-9-2019-q4-major/bin/../lib/gcc/arm-none-eabi/9.2.1/../../../../arm-none-eabi/lib/thumb/v7e-m+fp/hard/libc_nano.a(lib_a-strlen.o)
 .ARM.attributes
                0x000000000000061e       0x34 /usr/local/gcc-arm-none-eabi-9-2019-q4-major/bin/../lib/gcc/arm-none-eabi/9.2.1/../../../../arm-none-eabi/lib/thumb/v7e-m+fp/hard/libc_nano.a(lib_a-strncmp.o)
 .ARM.attributes
                0x0000000000000652       0x34 /usr/local/gcc-arm-none-eabi-9-2019-q4-major/bin/../lib/gcc/arm-none-eabi/9.2.1/../../../../arm-none-eabi/lib/thumb/v7e-m+fp/hard/libc_nano.a(lib_a-nano-svfprintf.o)
 .ARM.attributes
                0x0000000000000686       0x34 /usr/local/gcc-arm-none-eabi-9-2019-q4-major/bin/../lib/gcc/arm-none-eabi/9.2.1/../../../../arm-none-eabi/lib/thumb/v7e-m+fp/hard/libc_nano.a(lib_a-nano-svfscanf.o)
 .ARM.attributes
                0x00000000000006ba       0x34 /usr/local/gcc-arm-none-eabi-9-2019-q4-major/bin/../lib/gcc/arm-none-eabi/9.2.1/../../../../arm-none-eabi/lib/thumb/v7e-m+fp/hard/libc_nano.a(lib_a-nano-vfprintf_i.o)
 .ARM.attributes
                0x00000000000006ee       0x34 /usr/local/gcc-arm-none-eabi-9-2019-q4-major/bin/../lib/gcc/arm-none-eabi/9.2.1/../../../../arm-none-eabi/lib/thumb/v7e-m+fp/hard/libc_nano.a(lib_a-nano-vfscanf_i.o)
 .ARM.attributes
                0x0000000000000722       0x34 /usr/local/gcc-arm-none-eabi-9-2019-q4-major/bin/../lib/gcc/arm-none-eabi/9.2.1/../../../../arm-none-eabi/lib/thumb/v7e-m+fp/hard/libc_nano.a(lib_a-reent.o)
 .ARM.attributes
                0x0000000000000756       0x34 /usr/local/gcc-arm-none-eabi-9-2019-q4-major/bin/../lib/gcc/arm-none-eabi/9.2.1/../../../../arm-none-eabi/lib/thumb/v7e-m+fp/hard/libc_nano.a(lib_a-sccl.o)
 .ARM.attributes
                0x000000000000078a       0x34 /usr/local/gcc-arm-none-eabi-9-2019-q4-major/bin/../lib/gcc/arm-none-eabi/9.2.1/../../../../arm-none-eabi/lib/thumb/v7e-m+fp/hard/libc_nano.a(lib_a-strtol.o)
 .ARM.attributes
                0x00000000000007be       0x34 /usr/local/gcc-arm-none-eabi-9-2019-q4-major/bin/../lib/gcc/arm-none-eabi/9.2.1/../../../../arm-none-eabi/lib/thumb/v7e-m+fp/hard/libc_nano.a(lib_a-strtoul.o)
 .ARM.attributes
                0x00000000000007f2       0x34 /usr/local/gcc-arm-none-eabi-9-2019-q4-major/bin/../lib/gcc/arm-none-eabi/9.2.1/../../../../arm-none-eabi/lib/thumb/v7e-m+fp/hard/libc_nano.a(lib_a-ungetc.o)
 .ARM.attributes
                0x0000000000000826       0x34 /usr/local/gcc-arm-none-eabi-9-2019-q4-major/bin/../lib/gcc/arm-none-eabi/9.2.1/../../../../arm-none-eabi/lib/thumb/v7e-m+fp/hard/libc_nano.a(lib_a-findfp.o)
 .ARM.attributes
                0x000000000000085a       0x34 /usr/local/gcc-arm-none-eabi-9-2019-q4-major/bin/../lib/gcc/arm-none-eabi/9.2.1/../../../../arm-none-eabi/lib/thumb/v7e-m+fp/hard/libc_nano.a(lib_a-lock.o)
 .ARM.attributes
                0x000000000000088e       0x1c /usr/local/gcc-arm-none-eabi-9-2019-q4-major/bin/../lib/gcc/arm-none-eabi/9.2.1/../../../../arm-none-eabi/lib/thumb/v7e-m+fp/hard/libc_nano.a(lib_a-memchr.o)
 .ARM.attributes
                0x00000000000008aa       0x34 /usr/local/gcc-arm-none-eabi-9-2019-q4-major/bin/../lib/gcc/arm-none-eabi/9.2.1/../../../../arm-none-eabi/lib/thumb/v7e-m+fp/hard/libc_nano.a(lib_a-memmove.o)
 .ARM.attributes
                0x00000000000008de       0x34 /usr/local/gcc-arm-none-eabi-9-2019-q4-major/bin/../lib/gcc/arm-none-eabi/9.2.1/../../../../arm-none-eabi/lib/thumb/v7e-m+fp/hard/libc_nano.a(lib_a-nano-freer.o)
 .ARM.attributes
                0x0000000000000912       0x34 /usr/local/gcc-arm-none-eabi-9-2019-q4-major/bin/../lib/gcc/arm-none-eabi/9.2.1/../../../../arm-none-eabi/lib/thumb/v7e-m+fp/hard/libc_nano.a(lib_a-nano-mallocr.o)
 .ARM.attributes
                0x0000000000000946       0x34 /usr/local/gcc-arm-none-eabi-9-2019-q4-major/bin/../lib/gcc/arm-none-eabi/9.2.1/../../../../arm-none-eabi/lib/thumb/v7e-m+fp/hard/libc_nano.a(lib_a-nano-reallocr.o)
 .ARM.attributes
                0x000000000000097a       0x34 /usr/local/gcc-arm-none-eabi-9-2019-q4-major/bin/../lib/gcc/arm-none-eabi/9.2.1/../../../../arm-none-eabi/lib/thumb/v7e-m+fp/hard/libc_nano.a(lib_a-sbrkr.o)
 .ARM.attributes
                0x00000000000009ae       0x34 /usr/local/gcc-arm-none-eabi-9-2019-q4-major/bin/../lib/gcc/arm-none-eabi/9.2.1/../../../../arm-none-eabi/lib/thumb/v7e-m+fp/hard/libc_nano.a(lib_a-mlock.o)
 .ARM.attributes